{"epoch": 1, "train_loss": 0.58264, "val_loss": 0.5276655773925781, "recall": 0.0, "threshold": 0.32}
/usr/local/lib/python3.12/dist-packages/torch/optim/lr_scheduler.py:240: UserWarning: The epoch parameter in `scheduler.step()` was not necessary and is being deprecated where possible. Please use `scheduler.step()` to step the scheduler. During the deprecation, if epoch is different from None, the closed form is used instead of the new chainable form, where available. Please open an issue if you are unable to replicate your use case: https://github.com/pytorch/pytorch/issues/new/choose.
  warnings.warn(EPOCH_DEPRECATION_WARNING, UserWarning)
{"epoch": 2, "train_loss": 0.42431, "val_loss": 0.41552716796875, "recall": 0.0492, "threshold": 0.82}
{"epoch": 3, "train_loss": 0.35945, "val_loss": 0.28769872467041013, "recall": 0.1916, "threshold": 0.97}
{"epoch": 4, "train_loss": 0.32205, "val_loss": 0.23882949279785157, "recall": 0.4164, "threshold": 0.97}
{"epoch": 5, "train_loss": 0.30429, "val_loss": 0.21510159057617187, "recall": 0.3548, "threshold": 0.98}
{"epoch": 6, "train_loss": 0.29255, "val_loss": 0.20299080810546874, "recall": 0.568, "threshold": 0.97}
{"epoch": 7, "train_loss": 0.28472, "val_loss": 0.19530964294433595, "recall": 0.4196, "threshold": 0.98}
{"epoch": 8, "train_loss": 0.27775, "val_loss": 0.1849003063964844, "recall": 0.596, "threshold": 0.97}
{"epoch": 9, "train_loss": 0.27083, "val_loss": 0.17459952697753905, "recall": 0.394, "threshold": 0.98}
{"epoch": 10, "train_loss": 0.26014, "val_loss": 0.16347238372802733, "recall": 0.4076, "threshold": 0.98}
{"epoch": 11, "train_loss": 0.2502, "val_loss": 0.15464651092529297, "recall": 0.6132, "threshold": 0.97}
{"epoch": 12, "train_loss": 0.24366, "val_loss": 0.14964998809814453, "recall": 0.3976, "threshold": 0.98}
{"epoch": 13, "train_loss": 0.2387, "val_loss": 0.1470094450378418, "recall": 0.4092, "threshold": 0.98}
{"epoch": 14, "train_loss": 0.23426, "val_loss": 0.14369098892211915, "recall": 0.4004, "threshold": 0.98}
{"epoch": 15, "train_loss": 0.23047, "val_loss": 0.1405610012817383, "recall": 0.3812, "threshold": 0.98}
{"epoch": 16, "train_loss": 0.22706, "val_loss": 0.1380687596130371, "recall": 0.6248, "threshold": 0.97}
{"epoch": 17, "train_loss": 0.22418, "val_loss": 0.1373792724609375, "recall": 0.624, "threshold": 0.97}
{"epoch": 18, "train_loss": 0.22175, "val_loss": 0.13627753021240235, "recall": 0.3856, "threshold": 0.98}
{"epoch": 19, "train_loss": 0.21854, "val_loss": 0.13484965209960936, "recall": 0.3796, "threshold": 0.98}
{"epoch": 20, "train_loss": 0.21669, "val_loss": 0.1346498876953125, "recall": 0.6292, "threshold": 0.97}
{"epoch": 21, "train_loss": 0.21497, "val_loss": 0.13531529266357423, "recall": 0.6212, "threshold": 0.97}
{"epoch": 22, "train_loss": 0.21257, "val_loss": 0.133224716796875, "recall": 0.3604, "threshold": 0.98}
{"epoch": 23, "train_loss": 0.21031, "val_loss": 0.13214905853271483, "recall": 0.6192, "threshold": 0.97}
{"epoch": 24, "train_loss": 0.20846, "val_loss": 0.1318923663330078, "recall": 0.3564, "threshold": 0.98}
{"epoch": 25, "train_loss": 0.20637, "val_loss": 0.1310502786254883, "recall": 0.3608, "threshold": 0.98}
{"epoch": 26, "train_loss": 0.20466, "val_loss": 0.13015826446533202, "recall": 0.3592, "threshold": 0.98}
{"epoch": 27, "train_loss": 0.20277, "val_loss": 0.13008437149047852, "recall": 0.3504, "threshold": 0.98}
{"epoch": 28, "train_loss": 0.20088, "val_loss": 0.13028297576904296, "recall": 0.364, "threshold": 0.98}
{"epoch": 29, "train_loss": 0.19959, "val_loss": 0.1294035528564453, "recall": 0.3404, "threshold": 0.98}
{"epoch": 30, "train_loss": 0.19762, "val_loss": 0.12812288665771485, "recall": 0.3432, "threshold": 0.98}
{"epoch": 31, "train_loss": 0.19586, "val_loss": 0.12843862915039062, "recall": 0.35, "threshold": 0.98}
{"epoch": 32, "train_loss": 0.19446, "val_loss": 0.12820089263916015, "recall": 0.3548, "threshold": 0.98}
{"epoch": 33, "train_loss": 0.19302, "val_loss": 0.12742544265747072, "recall": 0.342, "threshold": 0.98}
{"epoch": 34, "train_loss": 0.19106, "val_loss": 0.12824657592773436, "recall": 0.3496, "threshold": 0.98}
{"epoch": 35, "train_loss": 0.19024, "val_loss": 0.1273331898498535, "recall": 0.3376, "threshold": 0.98}
{"epoch": 36, "train_loss": 0.18764, "val_loss": 0.12745394912719726, "recall": 0.3376, "threshold": 0.98}
{"epoch": 37, "train_loss": 0.18659, "val_loss": 0.12802751678466798, "recall": 0.3476, "threshold": 0.98}
{"epoch": 38, "train_loss": 0.18492, "val_loss": 0.1280260664367676, "recall": 0.3464, "threshold": 0.98}
{"epoch": 39, "train_loss": 0.18373, "val_loss": 0.12744587142944336, "recall": 0.3456, "threshold": 0.98}
{"epoch": 40, "train_loss": 0.18263, "val_loss": 0.1281009588623047, "recall": 0.3392, "threshold": 0.98}
{"epoch": 41, "train_loss": 0.18072, "val_loss": 0.1274189682006836, "recall": 0.6296, "threshold": 0.97}
{"epoch": 42, "train_loss": 0.17954, "val_loss": 0.1274986328125, "recall": 0.3464, "threshold": 0.98}
{"epoch": 43, "train_loss": 0.17843, "val_loss": 0.1279255059814453, "recall": 0.3524, "threshold": 0.98}
{"epoch": 44, "train_loss": 0.17739, "val_loss": 0.12855488403320312, "recall": 0.3524, "threshold": 0.98}
{"epoch": 45, "train_loss": 0.17592, "val_loss": 0.12964945831298827, "recall": 0.3676, "threshold": 0.98}
{"epoch": 46, "train_loss": 0.1745, "val_loss": 0.12946045684814453, "recall": 0.0592, "threshold": 0.99}
{"epoch": 47, "train_loss": 0.17323, "val_loss": 0.12994478881835939, "recall": 0.06, "threshold": 0.99}
{"epoch": 48, "train_loss": 0.17285, "val_loss": 0.1293977621459961, "recall": 0.0612, "threshold": 0.99}
{"epoch": 49, "train_loss": 0.17156, "val_loss": 0.12993670806884766, "recall": 0.0672, "threshold": 0.99}
{"epoch": 50, "train_loss": 0.1707, "val_loss": 0.13083253387451171, "recall": 0.0632, "threshold": 0.99}
{"epoch": 51, "train_loss": 0.1704, "val_loss": 0.13100415313720704, "recall": 0.0696, "threshold": 0.99}
{"epoch": 52, "train_loss": 0.16896, "val_loss": 0.13060461486816408, "recall": 0.0688, "threshold": 0.99}
{"epoch": 53, "train_loss": 0.16911, "val_loss": 0.13097243835449218, "recall": 0.0676, "threshold": 0.99}
{"epoch": 54, "train_loss": 0.16895, "val_loss": 0.13104448150634765, "recall": 0.0676, "threshold": 0.99}
{"epoch": 55, "train_loss": 0.16762, "val_loss": 0.13120235107421874, "recall": 0.0708, "threshold": 0.99}
{"epoch": 56, "train_loss": 0.16725, "val_loss": 0.13142694854736328, "recall": 0.0716, "threshold": 0.99}
{"epoch": 57, "train_loss": 0.16754, "val_loss": 0.1314111474609375, "recall": 0.0712, "threshold": 0.99}
{"epoch": 58, "train_loss": 0.16821, "val_loss": 0.13191594757080077, "recall": 0.0696, "threshold": 0.99}
{"epoch": 59, "train_loss": 0.16717, "val_loss": 0.13173125, "recall": 0.072, "threshold": 0.99}
{"epoch": 60, "train_loss": 0.16717, "val_loss": 0.13131207733154296, "recall": 0.074, "threshold": 0.99}
WARNING:root:Please consider to run pre-processing before quantization. Refer to example: https://github.com/microsoft/onnxruntime-inference-examples/blob/main/quantization/image_classification/cpu/ReadMe.md 
{
  "config": "scan-v2",
  "kind": "fullscan",
  "commit": "13d951fd688abdbbde7bdf27e530af7544241f88",
  "dirty": false,
  "config_values": {
    "kind": "fullscan",
    "data_dir": "/tmp/vistructum/data/scan-v2",
    "out_dir": "/kaggle/working/runs/scan-v2-13d951fd",
    "widths": [
      32,
      64,
      96,
      128,
      160
    ],
    "depths": [
      1,
      2,
      2,
      2,
      1
    ],
    "dropout": 0.15,
    "epochs": 60,
    "batch": 128,
    "optimizer": "adamw",
    "lr": 0.001,
    "weight_decay": 0.0001,
    "warmup_epochs": 2,
    "label_smoothing": 0.05,
    "focal_gamma": 0.0,
    "ema_decay": 0.999,
    "pos_weight": 1.0,
    "augment_d4": true,
    "device": "cuda",
    "seed": 42,
    "num_threads": 4,
    "quantize": true,
    "tta": true,
    "scan_negatives": 2500,
    "scan_positives": 500,
    "scan_workers": 4,
    "gen_train": 240000,
    "gen_val": 12500,
    "gen_test": 12500,
    "gen_holdout": 12500,
    "findings_dir": "../data/findings/2b2t-ring1",
    "findings_repeat": 5
  },
  "data_manifest_sha256": "1a575b4638f7c403a60412d4b165acbf9c6790b482cd8653783cc8a825a64643",
  "export": {
    "onnx_path": "/kaggle/working/runs/scan-v2-13d951fd/fullscan.onnx",
    "kind": "fullscan",
    "threshold": 0.97,
    "commit": "13d951fd688abdbbde7bdf27e530af7544241f88",
    "quantize": {
      "applied": false,
      "disagreement": 0.00432
    }
  },
  "metrics": {
    "kind": "fullscan",
    "version": "bf-scan-2",
    "threshold": 0.97,
    "latency_seconds_per_window_b1": 0.0016378138499931083,
    "latency_seconds_per_window_b32": 0.0014469952828136457,
    "splits": {
      "val": {
        "metrics": {
          "threshold": 0.97,
          "precision": 0.9987357774968394,
          "recall": 0.632,
          "fp_rate": 0.0002,
          "false_positives": 2,
          "flagged": 1582,
          "positives": 2500,
          "negatives": 10000
        },
        "verdict": "PASS",
        "failures": [],
        "subtypes": {
          "by_shape": {
            "neg-farm": {
              "n": 190,
              "fp_rate": 0.0
            },
            "neg-fence": {
              "n": 194,
              "fp_rate": 0.0
            },
            "neg-hard-celtic-cross": {
              "n": 414,
              "fp_rate": 0.0
            },
            "neg-hard-fylfot-mirror": {
              "n": 461,
              "fp_rate": 0.0
            },
            "neg-hard-greek-cross": {
              "n": 477,
              "fp_rate": 0.0
            },
            "neg-hard-hash-grid": {
              "n": 492,
              "fp_rate": 0.0
            },
            "neg-hard-iron-cross": {
              "n": 484,
              "fp_rate": 0.0
            },
            "neg-hard-irregular-alt-hooks": {
              "n": 481,
              "fp_rate": 0.0
            },
            "neg-hard-irregular-partial-hooks": {
              "n": 494,
              "fp_rate": 0.00405
            },
            "neg-hard-l-shapes-d4": {
              "n": 480,
              "fp_rate": 0.0
            },
            "neg-hard-latin-cross": {
              "n": 448,
              "fp_rate": 0.0
            },
            "neg-hard-plus-alt-hooks": {
              "n": 418,
              "fp_rate": 0.0
            },
            "neg-hard-plus-partial-hooks": {
              "n": 474,
              "fp_rate": 0.0
            },
            "neg-hard-spiral": {
              "n": 454,
              "fp_rate": 0.0
            },
            "neg-hard-square-spiral": {
              "n": 490,
              "fp_rate": 0.0
            },
            "neg-hard-t-shapes-d4": {
              "n": 477,
              "fp_rate": 0.0
            },
            "neg-hard-tetris": {
              "n": 484,
              "fp_rate": 0.0
            },
            "neg-house": {
              "n": 171,
              "fp_rate": 0.0
            },
            "neg-pixelart": {
              "n": 169,
              "fp_rate": 0.0
            },
            "neg-platform": {
              "n": 189,
              "fp_rate": 0.0
            },
            "neg-plaza": {
              "n": 184,
              "fp_rate": 0.0
            },
            "neg-pool": {
              "n": 178,
              "fp_rate": 0.0
            },
            "neg-railway": {
              "n": 188,
              "fp_rate": 0.0
            },
            "neg-road": {
              "n": 178,
              "fp_rate": 0.0
            },
            "neg-terrain": {
              "n": 994,
              "fp_rate": 0.0
            },
            "neg-tower": {
              "n": 179,
              "fp_rate": 0.0
            },
            "neg-village": {
              "n": 158,
              "fp_rate": 0.0
            },
            "pos": {
              "n": 1217,
              "recall": 0.7461
            },
            "pos-irregular": {
              "n": 1283,
              "recall": 0.5238
            }
          },
          "by_mode": {
            "neg:carved": {
              "n": 536,
              "fp_rate": 0.00187
            },
            "neg:flush-diff": {
              "n": 1274,
              "fp_rate": 0.0
            },
            "neg:flush-same-lum": {
              "n": 564,
              "fp_rate": 0.0
            },
            "neg:mixed": {
              "n": 554,
              "fp_rate": 0.00181
            },
            "neg:outlined": {
              "n": 576,
              "fp_rate": 0.0
            },
            "neg:plain": {
              "n": 2972,
              "fp_rate": 0.0
            },
            "neg:raised": {
              "n": 2305,
              "fp_rate": 0.0
            },
            "neg:raised-diff": {
              "n": 671,
              "fp_rate": 0.0
            },
            "neg:raised-same": {
              "n": 548,
              "fp_rate": 0.0
            },
            "pos:carved": {
              "n": 199,
              "recall": 0.5729
            },
            "pos:flush-diff": {
              "n": 427,
              "recall": 0.6815
            },
            "pos:flush-same-lum": {
              "n": 194,
              "recall": 0.5876
            },
            "pos:mixed": {
              "n": 201,
              "recall": 0.5174
            },
            "pos:outlined": {
              "n": 183,
              "recall": 0.5847
            },
            "pos:raised": {
              "n": 861,
              "recall": 0.7178
            },
            "pos:raised-diff": {
              "n": 244,
              "recall": 0.75
            },
            "pos:raised-same": {
              "n": 191,
              "recall": 0.2565
            }
          }
        }
      },
      "test": {
        "metrics": {
          "threshold": 0.97,
          "precision": 0.9981492905613819,
          "recall": 0.6472,
          "fp_rate": 0.0003,
          "false_positives": 3,
          "flagged": 1621,
          "positives": 2500,
          "negatives": 10000
        },
        "verdict": "PASS",
        "failures": [],
        "subtypes": {
          "by_shape": {
            "neg-farm": {
              "n": 206,
              "fp_rate": 0.0
            },
            "neg-fence": {
              "n": 210,
              "fp_rate": 0.0
            },
            "neg-hard-celtic-cross": {
              "n": 431,
              "fp_rate": 0.0
            },
            "neg-hard-fylfot-mirror": {
              "n": 462,
              "fp_rate": 0.0
            },
            "neg-hard-greek-cross": {
              "n": 455,
              "fp_rate": 0.0
            },
            "neg-hard-hash-grid": {
              "n": 468,
              "fp_rate": 0.0
            },
            "neg-hard-iron-cross": {
              "n": 440,
              "fp_rate": 0.0
            },
            "neg-hard-irregular-alt-hooks": {
              "n": 470,
              "fp_rate": 0.0
            },
            "neg-hard-irregular-partial-hooks": {
              "n": 475,
              "fp_rate": 0.00632
            },
            "neg-hard-l-shapes-d4": {
              "n": 477,
              "fp_rate": 0.0
            },
            "neg-hard-latin-cross": {
              "n": 434,
              "fp_rate": 0.0
            },
            "neg-hard-plus-alt-hooks": {
              "n": 462,
              "fp_rate": 0.0
            },
            "neg-hard-plus-partial-hooks": {
              "n": 463,
              "fp_rate": 0.0
            },
            "neg-hard-spiral": {
              "n": 457,
              "fp_rate": 0.0
            },
            "neg-hard-square-spiral": {
              "n": 462,
              "fp_rate": 0.0
            },
            "neg-hard-t-shapes-d4": {
              "n": 458,
              "fp_rate": 0.0
            },
            "neg-hard-tetris": {
              "n": 466,
              "fp_rate": 0.0
            },
            "neg-house": {
              "n": 201,
              "fp_rate": 0.0
            },
            "neg-pixelart": {
              "n": 171,
              "fp_rate": 0.0
            },
            "neg-platform": {
              "n": 184,
              "fp_rate": 0.0
            },
            "neg-plaza": {
              "n": 192,
              "fp_rate": 0.0
            },
            "neg-pool": {
              "n": 200,
              "fp_rate": 0.0
            },
            "neg-railway": {
              "n": 177,
              "fp_rate": 0.0
            },
            "neg-road": {
              "n": 165,
              "fp_rate": 0.0
            },
            "neg-terrain": {
              "n": 1040,
              "fp_rate": 0.0
            },
            "neg-tower": {
              "n": 200,
              "fp_rate": 0.0
            },
            "neg-village": {
              "n": 174,
              "fp_rate": 0.0
            },
            "pos": {
              "n": 1267,
              "recall": 0.738
            },
            "pos-irregular": {
              "n": 1233,
              "recall": 0.5539
            }
          },
          "by_mode": {
            "neg:carved": {
              "n": 544,
              "fp_rate": 0.0
            },
            "neg:flush-diff": {
              "n": 1275,
              "fp_rate": 0.0
            },
            "neg:flush-same-lum": {
              "n": 486,
              "fp_rate": 0.00206
            },
            "neg:mixed": {
              "n": 558,
              "fp_rate": 0.00179
            },
            "neg:outlined": {
              "n": 531,
              "fp_rate": 0.0
            },
            "neg:plain": {
              "n": 3120,
              "fp_rate": 0.0
            },
            "neg:raised": {
              "n": 2264,
              "fp_rate": 0.0
            },
            "neg:raised-diff": {
              "n": 669,
              "fp_rate": 0.00149
            },
            "neg:raised-same": {
              "n": 553,
              "fp_rate": 0.0
            },
            "pos:carved": {
              "n": 165,
              "recall": 0.6121
            },
            "pos:flush-diff": {
              "n": 475,
              "recall": 0.68
            },
            "pos:flush-same-lum": {
              "n": 213,
              "recall": 0.5587
            },
            "pos:mixed": {
              "n": 207,
              "recall": 0.5024
            },
            "pos:outlined": {
              "n": 180,
              "recall": 0.5944
            },
            "pos:raised": {
              "n": 807,
              "recall": 0.7633
            },
            "pos:raised-diff": {
              "n": 256,
              "recall": 0.7773
            },
            "pos:raised-same": {
              "n": 197,
              "recall": 0.2487
            }
          }
        }
      },
      "holdout": {
        "metrics": {
          "threshold": 0.97,
          "precision": 0.9979123173277662,
          "recall": 0.5736,
          "fp_rate": 0.0003,
          "false_positives": 3,
          "flagged": 1437,
          "positives": 2500,
          "negatives": 10000
        },
        "verdict": "FAIL",
        "failures": [
          "recall 0.5736 < 0.6"
        ],
        "subtypes": {
          "by_shape": {
            "neg-farm": {
              "n": 176,
              "fp_rate": 0.0
            },
            "neg-fence": {
              "n": 186,
              "fp_rate": 0.0
            },
            "neg-hard-celtic-cross": {
              "n": 464,
              "fp_rate": 0.0
            },
            "neg-hard-fylfot-mirror": {
              "n": 477,
              "fp_rate": 0.0
            },
            "neg-hard-greek-cross": {
              "n": 421,
              "fp_rate": 0.0
            },
            "neg-hard-hash-grid": {
              "n": 416,
              "fp_rate": 0.0
            },
            "neg-hard-iron-cross": {
              "n": 442,
              "fp_rate": 0.0
            },
            "neg-hard-irregular-alt-hooks": {
              "n": 458,
              "fp_rate": 0.0
            },
            "neg-hard-irregular-partial-hooks": {
              "n": 435,
              "fp_rate": 0.0069
            },
            "neg-hard-l-shapes-d4": {
              "n": 465,
              "fp_rate": 0.0
            },
            "neg-hard-latin-cross": {
              "n": 467,
              "fp_rate": 0.0
            },
            "neg-hard-plus-alt-hooks": {
              "n": 422,
              "fp_rate": 0.0
            },
            "neg-hard-plus-partial-hooks": {
              "n": 415,
              "fp_rate": 0.0
            },
            "neg-hard-spiral": {
              "n": 451,
              "fp_rate": 0.0
            },
            "neg-hard-square-spiral": {
              "n": 403,
              "fp_rate": 0.0
            },
            "neg-hard-t-shapes-d4": {
              "n": 434,
              "fp_rate": 0.0
            },
            "neg-hard-tetris": {
              "n": 402,
              "fp_rate": 0.0
            },
            "neg-hard-windmill-3": {
              "n": 470,
              "fp_rate": 0.0
            },
            "neg-house": {
              "n": 179,
              "fp_rate": 0.0
            },
            "neg-pixelart": {
              "n": 171,
              "fp_rate": 0.0
            },
            "neg-platform": {
              "n": 172,
              "fp_rate": 0.0
            },
            "neg-plaza": {
              "n": 170,
              "fp_rate": 0.0
            },
            "neg-pool": {
              "n": 173,
              "fp_rate": 0.0
            },
            "neg-railway": {
              "n": 191,
              "fp_rate": 0.0
            },
            "neg-road": {
              "n": 165,
              "fp_rate": 0.0
            },
            "neg-terrain": {
              "n": 1016,
              "fp_rate": 0.0
            },
            "neg-tower": {
              "n": 191,
              "fp_rate": 0.0
            },
            "neg-village": {
              "n": 168,
              "fp_rate": 0.0
            },
            "pos": {
              "n": 1281,
              "recall": 0.6893
            },
            "pos-irregular": {
              "n": 1219,
              "recall": 0.452
            }
          },
          "by_mode": {
            "neg:carved": {
              "n": 522,
              "fp_rate": 0.00192
            },
            "neg:flush-diff": {
              "n": 1249,
              "fp_rate": 0.0008
            },
            "neg:flush-same-lum": {
              "n": 541,
              "fp_rate": 0.0
            },
            "neg:mixed": {
              "n": 604,
              "fp_rate": 0.0
            },
            "neg:outlined": {
              "n": 534,
              "fp_rate": 0.00187
            },
            "neg:plain": {
              "n": 2958,
              "fp_rate": 0.0
            },
            "neg:raised": {
              "n": 2326,
              "fp_rate": 0.0
            },
            "neg:raised-diff": {
              "n": 701,
              "fp_rate": 0.0
            },
            "neg:raised-same": {
              "n": 565,
              "fp_rate": 0.0
            },
            "pos:carved": {
              "n": 216,
              "recall": 0.5093
            },
            "pos:flush-diff": {
              "n": 423,
              "recall": 0.6241
            },
            "pos:flush-same-lum": {
              "n": 197,
              "recall": 0.5025
            },
            "pos:mixed": {
              "n": 197,
              "recall": 0.4061
            },
            "pos:outlined": {
              "n": 186,
              "recall": 0.5161
            },
            "pos:raised": {
              "n": 839,
              "recall": 0.6996
            },
            "pos:raised-diff": {
              "n": 245,
              "recall": 0.7184
            },
            "pos:raised-same": {
              "n": 197,
              "recall": 0.1117
            }
          }
        }
      },
      "findings": {
        "metrics": {
          "threshold": 0.97,
          "precision": 0.8333333333333334,
          "recall": 0.625,
          "fp_rate": 0.034482758620689655,
          "false_positives": 1,
          "flagged": 6,
          "positives": 8,
          "negatives": 29
        },
        "verdict": "FAIL",
        "failures": [
          "negatives 29 < 5000",
          "precision 0.8333 < 0.9",
          "fp_rate 0.03448 > 0.001"
        ],
        "subtypes": {
          "by_shape": {
            "finding-fullscan-confirmed": {
              "n": 8,
              "recall": 0.625
            },
            "finding-fullscan-false-alarm": {
              "n": 29,
              "fp_rate": 0.03448
            }
          },
          "by_mode": {
            "neg:plain": {
              "n": 37,
              "recall": 0.625
            }
          }
        }
      }
    },
    "model_bytes": 2559554
  },
  "scan": {},
  "scan_pending": true
}
