[{"stream_name":"stdout","time":0.963738245,"data":"+ git clone https://github.com/KyleKreuter/vistructum.git /tmp/vistructum/repo\n"}
,{"stream_name":"stderr","time":1.015005756,"data":"Cloning into '/tmp/vistructum/repo'...\n"}
,{"stream_name":"stdout","time":1.978806284,"data":"+ git fetch origin 8c9d897446d8caffabe899eff6cd06dfc673051d\n"}
,{"stream_name":"stderr","time":2.24913422,"data":"From https://github.com/KyleKreuter/vistructum\n"}
,{"stream_name":"stderr","time":2.249159221,"data":" * branch            8c9d897446d8caffabe899eff6cd06dfc673051d -\u003e FETCH_HEAD\n"}
,{"stream_name":"stdout","time":2.255106905,"data":"+ git checkout --detach 8c9d897446d8caffabe899eff6cd06dfc673051d\n"}
,{"stream_name":"stderr","time":2.267376355,"data":"HEAD is now at 8c9d897 chore: remove the last leftovers of the luminance experiments\n"}
,{"stream_name":"stdout","time":2.267841494,"data":"+ /usr/bin/python3 -m pip install --quiet -r /tmp/vistructum/repo/sidecar/train/requirements.txt\n"}
,{"stream_name":"stdout","time":6.583559991,"data":"     ━━━━━━━━━━━━━━━━━━━━━━━━━━━━━━━━━━━━━━━━ 62.0/62.0 kB 1.5 MB/s eta 0:00:00\n"}
,{"stream_name":"stdout","time":20.912795673,"data":"   ━━━━━━━━━━━━━━━━━━━━━━━━━━━━━━━━━━━━━━━━ 906.4/906.4 MB 2.0 MB/s eta 0:00:00\n"}
,{"stream_name":"stdout","time":21.245590482,"data":"   ━━━━━━━━━━━━━━━━━━━━━━━━━━━━━━━━━━━━━━━━ 16.1/16.1 MB 38.2 MB/s eta 0:00:00\n"}
,{"stream_name":"stdout","time":21.439594397,"data":"   ━━━━━━━━━━━━━━━━━━━━━━━━━━━━━━━━━━━━━━━━ 16.0/16.0 MB 77.6 MB/s eta 0:00:00\n"}
,{"stream_name":"stdout","time":21.623847288,"data":"   ━━━━━━━━━━━━━━━━━━━━━━━━━━━━━━━━━━━━━━━━ 13.3/13.3 MB 74.5 MB/s eta 0:00:00\n"}
,{"stream_name":"stdout","time":21.736251578,"data":"   ━━━━━━━━━━━━━━━━━━━━━━━━━━━━━━━━━━━━━━━━ 6.9/6.9 MB 83.2 MB/s eta 0:00:00\n"}
,{"stream_name":"stdout","time":26.980189058,"data":"   ━━━━━━━━━━━━━━━━━━━━━━━━━━━━━━━━━━━━━━━━ 363.4/363.4 MB 4.6 MB/s eta 0:00:00\n"}
,{"stream_name":"stdout","time":27.587376588,"data":"   ━━━━━━━━━━━━━━━━━━━━━━━━━━━━━━━━━━━━━━━━ 13.8/13.8 MB 18.1 MB/s eta 0:00:00\n"}
,{"stream_name":"stdout","time":27.899135773,"data":"   ━━━━━━━━━━━━━━━━━━━━━━━━━━━━━━━━━━━━━━━━ 24.6/24.6 MB 56.8 MB/s eta 0:00:00\n"}
,{"stream_name":"stdout","time":27.94963835,"data":"   ━━━━━━━━━━━━━━━━━━━━━━━━━━━━━━━━━━━━━━━━ 883.7/883.7 kB 41.6 MB/s eta 0:00:00\n"}
,{"stream_name":"stdout","time":37.374211489,"data":"   ━━━━━━━━━━━━━━━━━━━━━━━━━━━━━━━━━━━━━━━━ 664.8/664.8 MB 2.3 MB/s eta 0:00:00\n"}
,{"stream_name":"stdout","time":40.529175219,"data":"   ━━━━━━━━━━━━━━━━━━━━━━━━━━━━━━━━━━━━━━━━ 211.5/211.5 MB 6.0 MB/s eta 0:00:00\n"}
,{"stream_name":"stdout","time":41.214472998,"data":"   ━━━━━━━━━━━━━━━━━━━━━━━━━━━━━━━━━━━━━━━━ 56.3/56.3 MB 30.9 MB/s eta 0:00:00\n"}
,{"stream_name":"stdout","time":42.835136984,"data":"   ━━━━━━━━━━━━━━━━━━━━━━━━━━━━━━━━━━━━━━━━ 127.9/127.9 MB 14.3 MB/s eta 0:00:00\n"}
,{"stream_name":"stdout","time":45.823526682,"data":"   ━━━━━━━━━━━━━━━━━━━━━━━━━━━━━━━━━━━━━━━━ 207.5/207.5 MB 6.0 MB/s eta 0:00:00\n"}
,{"stream_name":"stdout","time":48.046723053,"data":"   ━━━━━━━━━━━━━━━━━━━━━━━━━━━━━━━━━━━━━━━━ 188.7/188.7 MB 9.7 MB/s eta 0:00:00\n"}
,{"stream_name":"stdout","time":48.320192937,"data":"   ━━━━━━━━━━━━━━━━━━━━━━━━━━━━━━━━━━━━━━━━ 21.1/21.1 MB 61.4 MB/s eta 0:00:00\n"}
,{"stream_name":"stdout","time":48.361726164,"data":"   ━━━━━━━━━━━━━━━━━━━━━━━━━━━━━━━━━━━━━━━━ 99.1/99.1 kB 7.4 MB/s eta 0:00:00\n"}
,{"stream_name":"stdout","time":48.451883496,"data":"   ━━━━━━━━━━━━━━━━━━━━━━━━━━━━━━━━━━━━━━━━ 6.2/6.2 MB 101.1 MB/s eta 0:00:00\n"}
,{"stream_name":"stdout","time":52.884054771,"data":"   ━━━━━━━━━━━━━━━━━━━━━━━━━━━━━━━━━━━━━━━━ 209.6/209.6 MB 3.4 MB/s eta 0:00:00\n"}
,{"stream_name":"stdout","time":52.924754168,"data":"   ━━━━━━━━━━━━━━━━━━━━━━━━━━━━━━━━━━━━━━━━ 46.0/46.0 kB 3.1 MB/s eta 0:00:00\n"}
,{"stream_name":"stdout","time":52.966534345,"data":"   ━━━━━━━━━━━━━━━━━━━━━━━━━━━━━━━━━━━━━━━━ 86.8/86.8 kB 5.9 MB/s eta 0:00:00\n"}
,{"stream_name":"stderr","time":208.391237184,"data":"ERROR: pip's dependency resolver does not currently take into account all the packages that are installed. This behaviour is the source of the following dependency conflicts.\n"}
,{"stream_name":"stderr","time":208.391276875,"data":"bigframes 2.39.0 requires google-cloud-bigquery-storage\u003c3.0.0,\u003e=2.30.0, which is not installed.\n"}
,{"stream_name":"stderr","time":208.391281978,"data":"google-colab 1.0.0 requires jupyter-server==2.14.0, but you have jupyter-server 2.12.5 which is incompatible.\n"}
,{"stream_name":"stderr","time":208.391285691,"data":"google-colab 1.0.0 requires pandas==2.2.2, but you have pandas 2.3.3 which is incompatible.\n"}
,{"stream_name":"stderr","time":208.391289092,"data":"dopamine-rl 4.1.2 requires gym\u003c=0.25.2, but you have gym 0.26.2 which is incompatible.\n"}
,{"stream_name":"stderr","time":208.391292484,"data":"moviepy 1.0.3 requires decorator\u003c5.0,\u003e=4.0.2, but you have decorator 5.3.1 which is incompatible.\n"}
,{"stream_name":"stderr","time":208.391296382,"data":"torchaudio 2.10.0+cu128 requires torch==2.10.0, but you have torch 2.5.1 which is incompatible.\n"}
,{"stream_name":"stderr","time":208.391300081,"data":"torchvision 0.25.0+cu128 requires torch==2.10.0, but you have torch 2.5.1 which is incompatible.\n"}
,{"stream_name":"stderr","time":208.391303418,"data":"numba 0.60.0 requires numpy\u003c2.1,\u003e=1.22, but you have numpy 2.2.1 which is incompatible.\n"}
,{"stream_name":"stderr","time":208.391306778,"data":"gradio 5.50.0 requires pillow\u003c12.0,\u003e=8.0, but you have pillow 12.3.0 which is incompatible.\n"}
,{"stream_name":"stdout","time":209.117395732,"data":"+ /usr/bin/python3 -m pip install --quiet --no-deps -e /tmp/vistructum/repo/sidecar\n"}
,{"stream_name":"stdout","time":218.888340047,"data":"{\"ref\": \"8c9d897446d8caffabe899eff6cd06dfc673051d\", \"configs\": [\"configs/mask-v1.yaml\", \"configs/scan-v1.yaml\"], \"gpus\": 2, \"cpus\": 4}\n"}
,{"stream_name":"stdout","time":218.927748615,"data":"+ /usr/bin/python3 -m generator.build --kind mask --out /tmp/vistructum/data/mask-v1 --seed 0 --workers 4 --train 60000 --val 12500 --test 12500 --holdout 12500\n"}
,{"stream_name":"stderr","time":219.144047506,"data":"building train: n=60000 kind=mask\n"}
,{"stream_name":"stderr","time":281.599231426,"data":"  60000 samples in 57.3s (1046.5/s)\n"}
,{"stream_name":"stderr","time":281.599267215,"data":"building val: n=12500 kind=mask\n"}
,{"stream_name":"stderr","time":294.009513654,"data":"  12500 samples in 11.3s (1106.5/s)\n"}
,{"stream_name":"stderr","time":294.009551387,"data":"building test: n=12500 kind=mask\n"}
,{"stream_name":"stderr","time":306.47023702,"data":"  12500 samples in 11.4s (1098.7/s)\n"}
,{"stream_name":"stderr","time":306.470274083,"data":"building holdout: n=12500 kind=mask\n"}
,{"stream_name":"stderr","time":319.656779921,"data":"  12500 samples in 12.1s (1032.7/s)\n"}
,{"stream_name":"stdout","time":319.705724326,"data":"+ /usr/bin/python3 -m generator.build --kind fullscan --out /tmp/vistructum/data/scan-v1 --seed 1000 --workers 4 --train 120000 --val 12500 --test 12500 --holdout 12500\n"}
,{"stream_name":"stderr","time":319.880513621,"data":"building train: n=120000 kind=fullscan\n"}
,{"stream_name":"stderr","time":1535.545534274,"data":"  120000 samples in 1157.6s (103.7/s)\n"}
,{"stream_name":"stderr","time":1535.545613266,"data":"building val: n=12500 kind=fullscan\n"}
,{"stream_name":"stderr","time":1659.85663634,"data":"  12500 samples in 118.4s (105.6/s)\n"}
,{"stream_name":"stderr","time":1659.856685921,"data":"building test: n=12500 kind=fullscan\n"}
,{"stream_name":"stderr","time":1782.218710452,"data":"  12500 samples in 116.2s (107.6/s)\n"}
,{"stream_name":"stderr","time":1782.218769323,"data":"building holdout: n=12500 kind=fullscan\n"}
,{"stream_name":"stderr","time":1914.531866416,"data":"  12500 samples in 124.6s (100.3/s)\n"}
,{"stream_name":"stdout","time":1914.733999698,"data":"+ [gpu 0] /usr/bin/python3 run.py --config configs/mask-v1.yaml --runs-dir /kaggle/working/runs --set data_dir=/tmp/vistructum/data/mask-v1 --set device=cuda --set num_threads=2 --set scan_workers=2\n"}
,{"stream_name":"stdout","time":1914.735190056,"data":"+ [gpu 1] /usr/bin/python3 run.py --config configs/scan-v1.yaml --runs-dir /kaggle/working/runs --set data_dir=/tmp/vistructum/data/scan-v1 --set device=cuda --set num_threads=2 --set scan_workers=2\n"}
,{"stream_name":"stdout","time":3059.422092585,"data":"{\n"}
,{"stream_name":"stdout","time":3059.422886278,"data":"  \"ref\": \"8c9d897446d8caffabe899eff6cd06dfc673051d\",\n"}
,{"stream_name":"stdout","time":3059.422901043,"data":"  \"exit_codes\": {\n"}
,{"stream_name":"stdout","time":3059.42290691,"data":"    \"configs/mask-v1.yaml\": 1,\n"}
,{"stream_name":"stdout","time":3059.422912625,"data":"    \"configs/scan-v1.yaml\": -9\n"}
,{"stream_name":"stdout","time":3059.422919447,"data":"  },\n"}
,{"stream_name":"stdout","time":3059.422924957,"data":"  \"models\": {\n"}
,{"stream_name":"stdout","time":3059.422930289,"data":"    \"mask\": {\n"}
,{"stream_name":"stdout","time":3059.422935334,"data":"      \"val\": {\n"}
,{"stream_name":"stdout","time":3059.422940619,"data":"        \"verdict\": \"FAIL\",\n"}
,{"stream_name":"stdout","time":3059.422946316,"data":"        \"failures\": [\n"}
,{"stream_name":"stdout","time":3059.422951657,"data":"          \"recall 0.5936 \u003c 0.9\"\n"}
,{"stream_name":"stdout","time":3059.422958368,"data":"        ],\n"}
,{"stream_name":"stdout","time":3059.422963557,"data":"        \"precision\": 0.9933065595716198,\n"}
,{"stream_name":"stdout","time":3059.422978432,"data":"        \"recall\": 0.5936,\n"}
,{"stream_name":"stdout","time":3059.422983086,"data":"        \"fp_rate\": 0.001,\n"}
,{"stream_name":"stdout","time":3059.422987129,"data":"        \"threshold\": 0.92\n"}
,{"stream_name":"stdout","time":3059.422991558,"data":"      },\n"}
,{"stream_name":"stdout","time":3059.422995566,"data":"      \"test\": {\n"}
,{"stream_name":"stdout","time":3059.422999657,"data":"        \"verdict\": \"FAIL\",\n"}
,{"stream_name":"stdout","time":3059.423003852,"data":"        \"failures\": [\n"}
,{"stream_name":"stdout","time":3059.423008421,"data":"          \"fp_rate 0.00150 \u003e 0.001\",\n"}
,{"stream_name":"stdout","time":3059.423012886,"data":"          \"recall 0.6064 \u003c 0.9\"\n"}
,{"stream_name":"stdout","time":3059.423017357,"data":"        ],\n"}
,{"stream_name":"stdout","time":3059.423021082,"data":"        \"precision\": 0.9902024820378837,\n"}
,{"stream_name":"stdout","time":3059.423025799,"data":"        \"recall\": 0.6064,\n"}
,{"stream_name":"stdout","time":3059.423030062,"data":"        \"fp_rate\": 0.0015,\n"}
,{"stream_name":"stdout","time":3059.423033882,"data":"        \"threshold\": 0.92\n"}
,{"stream_name":"stdout","time":3059.423038052,"data":"      },\n"}
,{"stream_name":"stdout","time":3059.423042378,"data":"      \"holdout\": {\n"}
,{"stream_name":"stdout","time":3059.423046245,"data":"        \"verdict\": \"FAIL\",\n"}
,{"stream_name":"stdout","time":3059.423050805,"data":"        \"failures\": [\n"}
,{"stream_name":"stdout","time":3059.423054829,"data":"          \"fp_rate 0.00190 \u003e 0.001\",\n"}
,{"stream_name":"stdout","time":3059.423059253,"data":"          \"recall 0.5964 \u003c 0.9\"\n"}
,{"stream_name":"stdout","time":3059.423063674,"data":"        ],\n"}
,{"stream_name":"stdout","time":3059.423067677,"data":"        \"precision\": 0.9874172185430463,\n"}
,{"stream_name":"stdout","time":3059.423072481,"data":"        \"recall\": 0.5964,\n"}
,{"stream_name":"stdout","time":3059.423076524,"data":"        \"fp_rate\": 0.0019,\n"}
,{"stream_name":"stdout","time":3059.423080633,"data":"        \"threshold\": 0.92\n"}
,{"stream_name":"stdout","time":3059.423084803,"data":"      }\n"}
,{"stream_name":"stdout","time":3059.423088753,"data":"    }\n"}
,{"stream_name":"stdout","time":3059.423092822,"data":"  }\n"}
,{"stream_name":"stdout","time":3059.423096883,"data":"}\n"}
,{"stream_name":"stdout","time":3059.42310083,"data":"!! configs/mask-v1.yaml exited 1, see runs/mask-v1.log\n"}
,{"stream_name":"stdout","time":3059.423105015,"data":"!! configs/scan-v1.yaml exited -9, see runs/scan-v1.log\n"}
,{"stream_name":"stderr","time":3063.052183525,"data":"/usr/local/lib/python3.12/dist-packages/mistune.py:435: SyntaxWarning: invalid escape sequence '\\|'\n"}
,{"stream_name":"stderr","time":3063.052222334,"data":"  cells[i][c] = re.sub('\\\\\\\\\\|', '|', cell)\n"}
,{"stream_name":"stderr","time":3063.461121196,"data":"/usr/local/lib/python3.12/dist-packages/nbconvert/filters/filter_links.py:36: SyntaxWarning: invalid escape sequence '\\_'\n"}
,{"stream_name":"stderr","time":3063.461149628,"data":"  text = re.sub(r'_', '\\_', text) # Escape underscores in display text\n"}
,{"stream_name":"stderr","time":3065.393877705,"data":"[NbConvertApp] Converting notebook __script__.ipynb to html\n"}
,{"stream_name":"stderr","time":3066.888381267,"data":"[NbConvertApp] Writing 306607 bytes to __results__.html\n"}
]