+ git clone https://github.com/KyleKreuter/vistructum.git /tmp/vistructum/repo
Cloning into '/tmp/vistructum/repo'...
+ git fetch origin ae89fa5f7d3f187ed0aa65e285d2dd71a2fce754
From https://github.com/KyleKreuter/vistructum
 * branch            ae89fa5f7d3f187ed0aa65e285d2dd71a2fce754 -> FETCH_HEAD
+ git checkout --detach ae89fa5f7d3f187ed0aa65e285d2dd71a2fce754
HEAD is now at ae89fa5 Run inference in Java in the core, keep the sidecar optional
+ /usr/local/bin/python -m pip install --quiet -r /tmp/vistructum/repo/ml/train/requirements.txt

[notice] A new release of pip is available: 25.1.1 -> 26.2.1
[notice] To update, run: pip install --upgrade pip
+ /usr/local/bin/python -m pip install --quiet --no-deps -e /tmp/vistructum/repo/ml

[notice] A new release of pip is available: 25.1.1 -> 26.2.1
[notice] To update, run: pip install --upgrade pip
{"ref": "ae89fa5f7d3f187ed0aa65e285d2dd71a2fce754", "configs": ["configs/scan-v1.yaml"], "gpus": 1, "cpus": 24}
+ /usr/local/bin/python -m generator.build --kind fullscan --out /tmp/vistructum/data/scan-v1 --seed 0 --workers 24 --train 120000 --val 12500 --test 12500 --holdout 12500
building train: n=120000 kind=fullscan
  120000 samples in 150.1s (799.3/s)
building val: n=12500 kind=fullscan
  12500 samples in 12.9s (968.4/s)
building test: n=12500 kind=fullscan
  12500 samples in 12.9s (967.3/s)
building holdout: n=12500 kind=fullscan
  12500 samples in 13.5s (923.6/s)
+ [gpu 0] /usr/local/bin/python run.py --config configs/scan-v1.yaml --runs-dir /root/output/runs --set data_dir=/tmp/vistructum/data/scan-v1 --set device=cuda --set num_threads=24 --set scan_workers=24 --skip-scan
{
  "ref": "ae89fa5f7d3f187ed0aa65e285d2dd71a2fce754",
  "exit_codes": {
    "configs/scan-v1.yaml": 0
  },
  "models": {
    "scan-v1": {
      "val": {
        "verdict": "FAIL",
        "failures": [
          "recall 0.4192 < 0.6"
        ],
        "precision": 0.9971455756422455,
        "recall": 0.4192,
        "fp_rate": 0.0003,
        "threshold": 0.97
      },
      "test": {
        "verdict": "FAIL",
        "failures": [
          "recall 0.4504 < 0.6"
        ],
        "precision": 0.99822695035461,
        "recall": 0.4504,
        "fp_rate": 0.0002,
        "threshold": 0.97
      },
      "holdout": {
        "verdict": "FAIL",
        "failures": [
          "recall 0.4084 < 0.6"
        ],
        "precision": 0.9990215264187867,
        "recall": 0.4084,
        "fp_rate": 0.0001,
        "threshold": 0.97
      }
    }
  }
}
