{"epoch": 1, "train_loss": 0.67793, "val_loss": 0.6364663623046874, "recall": 0.0, "threshold": 0.46}
/usr/local/lib/python3.12/site-packages/torch/optim/lr_scheduler.py:240: UserWarning: The epoch parameter in `scheduler.step()` was not necessary and is being deprecated where possible. Please use `scheduler.step()` to step the scheduler. During the deprecation, if epoch is different from None, the closed form is used instead of the new chainable form, where available. Please open an issue if you are unable to replicate your use case: https://github.com/pytorch/pytorch/issues/new/choose.
  warnings.warn(EPOCH_DEPRECATION_WARNING, UserWarning)
{"epoch": 2, "train_loss": 0.59714, "val_loss": 0.5760370654296875, "recall": 0.0, "threshold": 0.41}
{"epoch": 3, "train_loss": 0.49089, "val_loss": 0.5253701983642578, "recall": 0.0024, "threshold": 0.54}
{"epoch": 4, "train_loss": 0.43143, "val_loss": 0.4247393084716797, "recall": 0.056, "threshold": 0.83}
{"epoch": 5, "train_loss": 0.40373, "val_loss": 0.35658662658691404, "recall": 0.0676, "threshold": 0.97}
{"epoch": 6, "train_loss": 0.38445, "val_loss": 0.32522567810058595, "recall": 0.0564, "threshold": 0.99}
{"epoch": 7, "train_loss": 0.36989, "val_loss": 0.3063590979003906, "recall": 0.0948, "threshold": 0.99}
{"epoch": 8, "train_loss": 0.35862, "val_loss": 0.2918655548095703, "recall": 0.124, "threshold": 0.99}
{"epoch": 9, "train_loss": 0.35014, "val_loss": 0.280203046875, "recall": 0.1488, "threshold": 0.99}
{"epoch": 10, "train_loss": 0.3432, "val_loss": 0.2714134292602539, "recall": 0.1656, "threshold": 0.99}
{"epoch": 11, "train_loss": 0.33706, "val_loss": 0.2637552639770508, "recall": 0.3176, "threshold": 0.98}
{"epoch": 12, "train_loss": 0.33085, "val_loss": 0.25702648712158205, "recall": 0.34, "threshold": 0.98}
{"epoch": 13, "train_loss": 0.32749, "val_loss": 0.25307165466308595, "recall": 0.3512, "threshold": 0.98}
{"epoch": 14, "train_loss": 0.32133, "val_loss": 0.24926284301757812, "recall": 0.3624, "threshold": 0.98}
{"epoch": 15, "train_loss": 0.31876, "val_loss": 0.2429951187133789, "recall": 0.3648, "threshold": 0.98}
{"epoch": 16, "train_loss": 0.31529, "val_loss": 0.241020107421875, "recall": 0.3708, "threshold": 0.98}
{"epoch": 17, "train_loss": 0.31179, "val_loss": 0.23866305755615233, "recall": 0.374, "threshold": 0.98}
{"epoch": 18, "train_loss": 0.3095, "val_loss": 0.2348514877319336, "recall": 0.3696, "threshold": 0.98}
{"epoch": 19, "train_loss": 0.30607, "val_loss": 0.23241858337402344, "recall": 0.37, "threshold": 0.98}
{"epoch": 20, "train_loss": 0.30324, "val_loss": 0.23105385681152343, "recall": 0.4696, "threshold": 0.97}
{"epoch": 21, "train_loss": 0.30003, "val_loss": 0.22939019897460938, "recall": 0.382, "threshold": 0.98}
{"epoch": 22, "train_loss": 0.29788, "val_loss": 0.22841006927490234, "recall": 0.3804, "threshold": 0.98}
{"epoch": 23, "train_loss": 0.29634, "val_loss": 0.22680884826660155, "recall": 0.3756, "threshold": 0.98}
{"epoch": 24, "train_loss": 0.2936, "val_loss": 0.22562677947998047, "recall": 0.3752, "threshold": 0.98}
{"epoch": 25, "train_loss": 0.29151, "val_loss": 0.2240328207397461, "recall": 0.3752, "threshold": 0.98}
{"epoch": 26, "train_loss": 0.29016, "val_loss": 0.22164849609375, "recall": 0.3772, "threshold": 0.98}
{"epoch": 27, "train_loss": 0.28804, "val_loss": 0.22064226318359376, "recall": 0.478, "threshold": 0.97}
{"epoch": 28, "train_loss": 0.28511, "val_loss": 0.22027653228759767, "recall": 0.3764, "threshold": 0.98}
{"epoch": 29, "train_loss": 0.28356, "val_loss": 0.21978957153320314, "recall": 0.3808, "threshold": 0.98}
{"epoch": 30, "train_loss": 0.28203, "val_loss": 0.21894436645507812, "recall": 0.3796, "threshold": 0.98}
{"epoch": 31, "train_loss": 0.28059, "val_loss": 0.21817384460449218, "recall": 0.3792, "threshold": 0.98}
{"epoch": 32, "train_loss": 0.27926, "val_loss": 0.2177746826171875, "recall": 0.376, "threshold": 0.98}
{"epoch": 33, "train_loss": 0.27822, "val_loss": 0.21760212036132812, "recall": 0.3724, "threshold": 0.98}
{"epoch": 34, "train_loss": 0.27661, "val_loss": 0.21793032440185547, "recall": 0.3772, "threshold": 0.98}
{"epoch": 35, "train_loss": 0.27629, "val_loss": 0.21770220428466797, "recall": 0.3748, "threshold": 0.98}
{"epoch": 36, "train_loss": 0.27591, "val_loss": 0.2172079641723633, "recall": 0.3792, "threshold": 0.98}
{"epoch": 37, "train_loss": 0.27503, "val_loss": 0.21662056060791016, "recall": 0.3772, "threshold": 0.98}
{"epoch": 38, "train_loss": 0.27455, "val_loss": 0.21603986755371093, "recall": 0.3768, "threshold": 0.98}
{"epoch": 39, "train_loss": 0.27434, "val_loss": 0.21652520965576172, "recall": 0.3776, "threshold": 0.98}
{"epoch": 40, "train_loss": 0.27411, "val_loss": 0.2168169369506836, "recall": 0.3768, "threshold": 0.98}
WARNING:root:Please consider to run pre-processing before quantization. Refer to example: https://github.com/microsoft/onnxruntime-inference-examples/blob/main/quantization/image_classification/cpu/ReadMe.md 
{
  "config": "scan-v1",
  "kind": "fullscan",
  "commit": "ae89fa5f7d3f187ed0aa65e285d2dd71a2fce754",
  "dirty": false,
  "config_values": {
    "kind": "fullscan",
    "data_dir": "/tmp/vistructum/data/scan-v1",
    "out_dir": "/root/output/runs/scan-v1-ae89fa5f",
    "widths": [
      24,
      48,
      64,
      96,
      128
    ],
    "depths": [],
    "dropout": 0.15,
    "epochs": 40,
    "batch": 128,
    "optimizer": "adamw",
    "lr": 0.001,
    "weight_decay": 0.0001,
    "warmup_epochs": 2,
    "label_smoothing": 0.05,
    "focal_gamma": 0.0,
    "ema_decay": 0.999,
    "pos_weight": 1.0,
    "augment_d4": true,
    "device": "cuda",
    "seed": 42,
    "num_threads": 24,
    "quantize": true,
    "tta": true,
    "scan_negatives": 2500,
    "scan_positives": 500,
    "scan_workers": 24,
    "gen_train": 120000,
    "gen_val": 12500,
    "gen_test": 12500,
    "gen_holdout": 12500
  },
  "data_manifest_sha256": "d46f2ce1b7016e98e2ae68c0b4fc3a34bc8f89834369a2b65ffe9bea97a19d24",
  "export": {
    "onnx_path": "/root/output/runs/scan-v1-ae89fa5f/fullscan.onnx",
    "kind": "fullscan",
    "threshold": 0.97,
    "commit": "ae89fa5f7d3f187ed0aa65e285d2dd71a2fce754",
    "quantize": {
      "applied": false,
      "disagreement": 0.00264
    }
  },
  "metrics": {
    "kind": "fullscan",
    "version": "bf-scan-2",
    "threshold": 0.97,
    "latency_seconds_per_window_b1": 0.0007990617500013286,
    "latency_seconds_per_window_b32": 0.00012426278124983982,
    "splits": {
      "val": {
        "metrics": {
          "threshold": 0.97,
          "precision": 0.9971455756422455,
          "recall": 0.4192,
          "fp_rate": 0.0003,
          "false_positives": 3,
          "flagged": 1051,
          "positives": 2500,
          "negatives": 10000
        },
        "verdict": "FAIL",
        "failures": [
          "recall 0.4192 < 0.6"
        ],
        "subtypes": {
          "by_shape": {
            "neg-farm": {
              "n": 190,
              "fp_rate": 0.0
            },
            "neg-fence": {
              "n": 194,
              "fp_rate": 0.0
            },
            "neg-hard-celtic-cross": {
              "n": 414,
              "fp_rate": 0.0
            },
            "neg-hard-fylfot-mirror": {
              "n": 461,
              "fp_rate": 0.0
            },
            "neg-hard-greek-cross": {
              "n": 477,
              "fp_rate": 0.0
            },
            "neg-hard-hash-grid": {
              "n": 492,
              "fp_rate": 0.0
            },
            "neg-hard-iron-cross": {
              "n": 484,
              "fp_rate": 0.0
            },
            "neg-hard-irregular-alt-hooks": {
              "n": 481,
              "fp_rate": 0.0
            },
            "neg-hard-irregular-partial-hooks": {
              "n": 494,
              "fp_rate": 0.0
            },
            "neg-hard-l-shapes-d4": {
              "n": 480,
              "fp_rate": 0.0
            },
            "neg-hard-latin-cross": {
              "n": 448,
              "fp_rate": 0.0
            },
            "neg-hard-plus-alt-hooks": {
              "n": 418,
              "fp_rate": 0.00478
            },
            "neg-hard-plus-partial-hooks": {
              "n": 474,
              "fp_rate": 0.00211
            },
            "neg-hard-spiral": {
              "n": 454,
              "fp_rate": 0.0
            },
            "neg-hard-square-spiral": {
              "n": 490,
              "fp_rate": 0.0
            },
            "neg-hard-t-shapes-d4": {
              "n": 477,
              "fp_rate": 0.0
            },
            "neg-hard-tetris": {
              "n": 484,
              "fp_rate": 0.0
            },
            "neg-house": {
              "n": 171,
              "fp_rate": 0.0
            },
            "neg-pixelart": {
              "n": 169,
              "fp_rate": 0.0
            },
            "neg-platform": {
              "n": 189,
              "fp_rate": 0.0
            },
            "neg-plaza": {
              "n": 184,
              "fp_rate": 0.0
            },
            "neg-pool": {
              "n": 178,
              "fp_rate": 0.0
            },
            "neg-railway": {
              "n": 188,
              "fp_rate": 0.0
            },
            "neg-road": {
              "n": 178,
              "fp_rate": 0.0
            },
            "neg-terrain": {
              "n": 994,
              "fp_rate": 0.0
            },
            "neg-tower": {
              "n": 179,
              "fp_rate": 0.0
            },
            "neg-village": {
              "n": 158,
              "fp_rate": 0.0
            },
            "pos": {
              "n": 1217,
              "recall": 0.4971
            },
            "pos-irregular": {
              "n": 1283,
              "recall": 0.3453
            }
          },
          "by_mode": {
            "neg:carved": {
              "n": 542,
              "fp_rate": 0.0
            },
            "neg:flush-diff": {
              "n": 1272,
              "fp_rate": 0.0
            },
            "neg:flush-same-lum": {
              "n": 565,
              "fp_rate": 0.00354
            },
            "neg:mixed": {
              "n": 546,
              "fp_rate": 0.0
            },
            "neg:outlined": {
              "n": 570,
              "fp_rate": 0.00175
            },
            "neg:plain": {
              "n": 2972,
              "fp_rate": 0.0
            },
            "neg:raised": {
              "n": 2317,
              "fp_rate": 0.0
            },
            "neg:raised-diff": {
              "n": 679,
              "fp_rate": 0.0
            },
            "neg:raised-same": {
              "n": 537,
              "fp_rate": 0.0
            },
            "pos:carved": {
              "n": 199,
              "recall": 0.3116
            },
            "pos:flush-diff": {
              "n": 427,
              "recall": 0.5105
            },
            "pos:flush-same-lum": {
              "n": 194,
              "recall": 0.3557
            },
            "pos:mixed": {
              "n": 201,
              "recall": 0.2438
            },
            "pos:outlined": {
              "n": 183,
              "recall": 0.4044
            },
            "pos:raised": {
              "n": 861,
              "recall": 0.511
            },
            "pos:raised-diff": {
              "n": 244,
              "recall": 0.5574
            },
            "pos:raised-same": {
              "n": 191,
              "recall": 0.0
            }
          }
        }
      },
      "test": {
        "metrics": {
          "threshold": 0.97,
          "precision": 0.99822695035461,
          "recall": 0.4504,
          "fp_rate": 0.0002,
          "false_positives": 2,
          "flagged": 1128,
          "positives": 2500,
          "negatives": 10000
        },
        "verdict": "FAIL",
        "failures": [
          "recall 0.4504 < 0.6"
        ],
        "subtypes": {
          "by_shape": {
            "neg-farm": {
              "n": 206,
              "fp_rate": 0.0
            },
            "neg-fence": {
              "n": 210,
              "fp_rate": 0.0
            },
            "neg-hard-celtic-cross": {
              "n": 431,
              "fp_rate": 0.0
            },
            "neg-hard-fylfot-mirror": {
              "n": 462,
              "fp_rate": 0.0
            },
            "neg-hard-greek-cross": {
              "n": 455,
              "fp_rate": 0.0
            },
            "neg-hard-hash-grid": {
              "n": 468,
              "fp_rate": 0.0
            },
            "neg-hard-iron-cross": {
              "n": 440,
              "fp_rate": 0.0
            },
            "neg-hard-irregular-alt-hooks": {
              "n": 470,
              "fp_rate": 0.0
            },
            "neg-hard-irregular-partial-hooks": {
              "n": 475,
              "fp_rate": 0.0
            },
            "neg-hard-l-shapes-d4": {
              "n": 477,
              "fp_rate": 0.0
            },
            "neg-hard-latin-cross": {
              "n": 434,
              "fp_rate": 0.0
            },
            "neg-hard-plus-alt-hooks": {
              "n": 462,
              "fp_rate": 0.00433
            },
            "neg-hard-plus-partial-hooks": {
              "n": 463,
              "fp_rate": 0.0
            },
            "neg-hard-spiral": {
              "n": 457,
              "fp_rate": 0.0
            },
            "neg-hard-square-spiral": {
              "n": 462,
              "fp_rate": 0.0
            },
            "neg-hard-t-shapes-d4": {
              "n": 458,
              "fp_rate": 0.0
            },
            "neg-hard-tetris": {
              "n": 466,
              "fp_rate": 0.0
            },
            "neg-house": {
              "n": 201,
              "fp_rate": 0.0
            },
            "neg-pixelart": {
              "n": 171,
              "fp_rate": 0.0
            },
            "neg-platform": {
              "n": 184,
              "fp_rate": 0.0
            },
            "neg-plaza": {
              "n": 192,
              "fp_rate": 0.0
            },
            "neg-pool": {
              "n": 200,
              "fp_rate": 0.0
            },
            "neg-railway": {
              "n": 177,
              "fp_rate": 0.0
            },
            "neg-road": {
              "n": 165,
              "fp_rate": 0.0
            },
            "neg-terrain": {
              "n": 1040,
              "fp_rate": 0.0
            },
            "neg-tower": {
              "n": 200,
              "fp_rate": 0.0
            },
            "neg-village": {
              "n": 174,
              "fp_rate": 0.0
            },
            "pos": {
              "n": 1267,
              "recall": 0.5185
            },
            "pos-irregular": {
              "n": 1233,
              "recall": 0.3804
            }
          },
          "by_mode": {
            "neg:carved": {
              "n": 552,
              "fp_rate": 0.00362
            },
            "neg:flush-diff": {
              "n": 1272,
              "fp_rate": 0.0
            },
            "neg:flush-same-lum": {
              "n": 490,
              "fp_rate": 0.0
            },
            "neg:mixed": {
              "n": 551,
              "fp_rate": 0.0
            },
            "neg:outlined": {
              "n": 533,
              "fp_rate": 0.0
            },
            "neg:plain": {
              "n": 3120,
              "fp_rate": 0.0
            },
            "neg:raised": {
              "n": 2269,
              "fp_rate": 0.0
            },
            "neg:raised-diff": {
              "n": 662,
              "fp_rate": 0.0
            },
            "neg:raised-same": {
              "n": 551,
              "fp_rate": 0.0
            },
            "pos:carved": {
              "n": 165,
              "recall": 0.4242
            },
            "pos:flush-diff": {
              "n": 475,
              "recall": 0.5242
            },
            "pos:flush-same-lum": {
              "n": 213,
              "recall": 0.3192
            },
            "pos:mixed": {
              "n": 207,
              "recall": 0.1981
            },
            "pos:outlined": {
              "n": 180,
              "recall": 0.4556
            },
            "pos:raised": {
              "n": 807,
              "recall": 0.5564
            },
            "pos:raised-diff": {
              "n": 256,
              "recall": 0.6523
            },
            "pos:raised-same": {
              "n": 197,
              "recall": 0.0
            }
          }
        }
      },
      "holdout": {
        "metrics": {
          "threshold": 0.97,
          "precision": 0.9990215264187867,
          "recall": 0.4084,
          "fp_rate": 0.0001,
          "false_positives": 1,
          "flagged": 1022,
          "positives": 2500,
          "negatives": 10000
        },
        "verdict": "FAIL",
        "failures": [
          "recall 0.4084 < 0.6"
        ],
        "subtypes": {
          "by_shape": {
            "neg-farm": {
              "n": 176,
              "fp_rate": 0.0
            },
            "neg-fence": {
              "n": 186,
              "fp_rate": 0.0
            },
            "neg-hard-celtic-cross": {
              "n": 464,
              "fp_rate": 0.0
            },
            "neg-hard-fylfot-mirror": {
              "n": 477,
              "fp_rate": 0.0
            },
            "neg-hard-greek-cross": {
              "n": 421,
              "fp_rate": 0.0
            },
            "neg-hard-hash-grid": {
              "n": 416,
              "fp_rate": 0.0
            },
            "neg-hard-iron-cross": {
              "n": 442,
              "fp_rate": 0.0
            },
            "neg-hard-irregular-alt-hooks": {
              "n": 458,
              "fp_rate": 0.0
            },
            "neg-hard-irregular-partial-hooks": {
              "n": 435,
              "fp_rate": 0.0
            },
            "neg-hard-l-shapes-d4": {
              "n": 465,
              "fp_rate": 0.0
            },
            "neg-hard-latin-cross": {
              "n": 467,
              "fp_rate": 0.0
            },
            "neg-hard-plus-alt-hooks": {
              "n": 422,
              "fp_rate": 0.00237
            },
            "neg-hard-plus-partial-hooks": {
              "n": 415,
              "fp_rate": 0.0
            },
            "neg-hard-spiral": {
              "n": 451,
              "fp_rate": 0.0
            },
            "neg-hard-square-spiral": {
              "n": 403,
              "fp_rate": 0.0
            },
            "neg-hard-t-shapes-d4": {
              "n": 434,
              "fp_rate": 0.0
            },
            "neg-hard-tetris": {
              "n": 402,
              "fp_rate": 0.0
            },
            "neg-hard-windmill-3": {
              "n": 470,
              "fp_rate": 0.0
            },
            "neg-house": {
              "n": 179,
              "fp_rate": 0.0
            },
            "neg-pixelart": {
              "n": 171,
              "fp_rate": 0.0
            },
            "neg-platform": {
              "n": 172,
              "fp_rate": 0.0
            },
            "neg-plaza": {
              "n": 170,
              "fp_rate": 0.0
            },
            "neg-pool": {
              "n": 173,
              "fp_rate": 0.0
            },
            "neg-railway": {
              "n": 191,
              "fp_rate": 0.0
            },
            "neg-road": {
              "n": 165,
              "fp_rate": 0.0
            },
            "neg-terrain": {
              "n": 1016,
              "fp_rate": 0.0
            },
            "neg-tower": {
              "n": 191,
              "fp_rate": 0.0
            },
            "neg-village": {
              "n": 168,
              "fp_rate": 0.0
            },
            "pos": {
              "n": 1281,
              "recall": 0.5004
            },
            "pos-irregular": {
              "n": 1219,
              "recall": 0.3117
            }
          },
          "by_mode": {
            "neg:carved": {
              "n": 524,
              "fp_rate": 0.0
            },
            "neg:flush-diff": {
              "n": 1249,
              "fp_rate": 0.0008
            },
            "neg:flush-same-lum": {
              "n": 547,
              "fp_rate": 0.0
            },
            "neg:mixed": {
              "n": 596,
              "fp_rate": 0.0
            },
            "neg:outlined": {
              "n": 538,
              "fp_rate": 0.0
            },
            "neg:plain": {
              "n": 2958,
              "fp_rate": 0.0
            },
            "neg:raised": {
              "n": 2320,
              "fp_rate": 0.0
            },
            "neg:raised-diff": {
              "n": 710,
              "fp_rate": 0.0
            },
            "neg:raised-same": {
              "n": 558,
              "fp_rate": 0.0
            },
            "pos:carved": {
              "n": 216,
              "recall": 0.3194
            },
            "pos:flush-diff": {
              "n": 423,
              "recall": 0.4586
            },
            "pos:flush-same-lum": {
              "n": 197,
              "recall": 0.3249
            },
            "pos:mixed": {
              "n": 197,
              "recall": 0.1827
            },
            "pos:outlined": {
              "n": 186,
              "recall": 0.414
            },
            "pos:raised": {
              "n": 839,
              "recall": 0.5173
            },
            "pos:raised-diff": {
              "n": 245,
              "recall": 0.6
            },
            "pos:raised-same": {
              "n": 197,
              "recall": 0.0
            }
          }
        }
      }
    },
    "model_bytes": 826907
  },
  "scan": {},
  "scan_pending": true
}
