{"epoch": 1, "train_loss": 0.60565, "val_loss": 0.541005791015625, "recall": 0.0, "threshold": 0.34}
/usr/local/lib/python3.12/dist-packages/torch/optim/lr_scheduler.py:240: UserWarning: The epoch parameter in `scheduler.step()` was not necessary and is being deprecated where possible. Please use `scheduler.step()` to step the scheduler. During the deprecation, if epoch is different from None, the closed form is used instead of the new chainable form, where available. Please open an issue if you are unable to replicate your use case: https://github.com/pytorch/pytorch/issues/new/choose.
  warnings.warn(EPOCH_DEPRECATION_WARNING, UserWarning)
{"epoch": 2, "train_loss": 0.47251, "val_loss": 0.4639432476806641, "recall": 0.0384, "threshold": 0.8}
{"epoch": 3, "train_loss": 0.41214, "val_loss": 0.3520808135986328, "recall": 0.1884, "threshold": 0.96}
{"epoch": 4, "train_loss": 0.37749, "val_loss": 0.3000511102294922, "recall": 0.3916, "threshold": 0.96}
{"epoch": 5, "train_loss": 0.35674, "val_loss": 0.27158347595214843, "recall": 0.3924, "threshold": 0.97}
{"epoch": 6, "train_loss": 0.34344, "val_loss": 0.2534000610351563, "recall": 0.5304, "threshold": 0.96}
{"epoch": 7, "train_loss": 0.3328, "val_loss": 0.24369512725830078, "recall": 0.568, "threshold": 0.96}
{"epoch": 8, "train_loss": 0.3253, "val_loss": 0.23570204833984376, "recall": 0.5096, "threshold": 0.97}
{"epoch": 9, "train_loss": 0.31975, "val_loss": 0.23300956939697265, "recall": 0.5232, "threshold": 0.97}
{"epoch": 10, "train_loss": 0.31501, "val_loss": 0.22753234222412108, "recall": 0.52, "threshold": 0.97}
{"epoch": 11, "train_loss": 0.31077, "val_loss": 0.22439283294677734, "recall": 0.5196, "threshold": 0.97}
{"epoch": 12, "train_loss": 0.30739, "val_loss": 0.2185908108520508, "recall": 0.5372, "threshold": 0.97}
{"epoch": 13, "train_loss": 0.29983, "val_loss": 0.20679755615234374, "recall": 0.5444, "threshold": 0.97}
{"epoch": 14, "train_loss": 0.2904, "val_loss": 0.19712951354980468, "recall": 0.5516, "threshold": 0.97}
{"epoch": 15, "train_loss": 0.28375, "val_loss": 0.19444819915771486, "recall": 0.3416, "threshold": 0.98}
{"epoch": 16, "train_loss": 0.2777, "val_loss": 0.19101343200683593, "recall": 0.3412, "threshold": 0.98}
{"epoch": 17, "train_loss": 0.2725, "val_loss": 0.18729077575683595, "recall": 0.538, "threshold": 0.97}
{"epoch": 18, "train_loss": 0.26847, "val_loss": 0.18261595489501953, "recall": 0.5364, "threshold": 0.97}
{"epoch": 19, "train_loss": 0.26329, "val_loss": 0.17853011474609376, "recall": 0.5492, "threshold": 0.97}
{"epoch": 20, "train_loss": 0.26026, "val_loss": 0.17706441772460937, "recall": 0.3248, "threshold": 0.98}
{"epoch": 21, "train_loss": 0.25753, "val_loss": 0.17350499237060546, "recall": 0.5416, "threshold": 0.97}
{"epoch": 22, "train_loss": 0.25399, "val_loss": 0.17131595092773438, "recall": 0.3304, "threshold": 0.98}
{"epoch": 23, "train_loss": 0.2508, "val_loss": 0.1694572216796875, "recall": 0.5588, "threshold": 0.97}
{"epoch": 24, "train_loss": 0.24933, "val_loss": 0.16951420135498046, "recall": 0.556, "threshold": 0.97}
{"epoch": 25, "train_loss": 0.24672, "val_loss": 0.16676080429077147, "recall": 0.3296, "threshold": 0.98}
{"epoch": 26, "train_loss": 0.24401, "val_loss": 0.16638840057373047, "recall": 0.5488, "threshold": 0.97}
{"epoch": 27, "train_loss": 0.24189, "val_loss": 0.16517211654663086, "recall": 0.3268, "threshold": 0.98}
{"epoch": 28, "train_loss": 0.24027, "val_loss": 0.1654455760192871, "recall": 0.338, "threshold": 0.98}
{"epoch": 29, "train_loss": 0.23763, "val_loss": 0.16376568145751952, "recall": 0.3452, "threshold": 0.98}
{"epoch": 30, "train_loss": 0.2357, "val_loss": 0.16337476730346678, "recall": 0.344, "threshold": 0.98}
{"epoch": 31, "train_loss": 0.234, "val_loss": 0.1618134375, "recall": 0.3356, "threshold": 0.98}
{"epoch": 32, "train_loss": 0.23181, "val_loss": 0.1613391697692871, "recall": 0.3416, "threshold": 0.98}
{"epoch": 33, "train_loss": 0.22924, "val_loss": 0.16221506195068358, "recall": 0.342, "threshold": 0.98}
{"epoch": 34, "train_loss": 0.22753, "val_loss": 0.16060854873657227, "recall": 0.3296, "threshold": 0.98}
{"epoch": 35, "train_loss": 0.22608, "val_loss": 0.1601045867919922, "recall": 0.3388, "threshold": 0.98}
{"epoch": 36, "train_loss": 0.2238, "val_loss": 0.1599288589477539, "recall": 0.3444, "threshold": 0.98}
{"epoch": 37, "train_loss": 0.2227, "val_loss": 0.16029614639282228, "recall": 0.338, "threshold": 0.98}
{"epoch": 38, "train_loss": 0.22068, "val_loss": 0.15971438827514647, "recall": 0.0564, "threshold": 0.99}
{"epoch": 39, "train_loss": 0.21854, "val_loss": 0.15894936889648437, "recall": 0.0596, "threshold": 0.99}
{"epoch": 40, "train_loss": 0.21722, "val_loss": 0.15891488540649415, "recall": 0.0616, "threshold": 0.99}
{"epoch": 41, "train_loss": 0.21482, "val_loss": 0.15846467178344725, "recall": 0.346, "threshold": 0.98}
{"epoch": 42, "train_loss": 0.21335, "val_loss": 0.15930549682617187, "recall": 0.3508, "threshold": 0.98}
{"epoch": 43, "train_loss": 0.21218, "val_loss": 0.15904617095947265, "recall": 0.0688, "threshold": 0.99}
{"epoch": 44, "train_loss": 0.21085, "val_loss": 0.16025046585083008, "recall": 0.0728, "threshold": 0.99}
{"epoch": 45, "train_loss": 0.20898, "val_loss": 0.1607176773071289, "recall": 0.0716, "threshold": 0.99}
{"epoch": 46, "train_loss": 0.20802, "val_loss": 0.16179048080444336, "recall": 0.0784, "threshold": 0.99}
{"epoch": 47, "train_loss": 0.20652, "val_loss": 0.16191227951049805, "recall": 0.076, "threshold": 0.99}
{"epoch": 48, "train_loss": 0.20517, "val_loss": 0.16157205490112306, "recall": 0.0828, "threshold": 0.99}
{"epoch": 49, "train_loss": 0.2043, "val_loss": 0.16178873214721678, "recall": 0.0836, "threshold": 0.99}
{"epoch": 50, "train_loss": 0.20369, "val_loss": 0.16247478485107422, "recall": 0.084, "threshold": 0.99}
{"epoch": 51, "train_loss": 0.20247, "val_loss": 0.16280395965576172, "recall": 0.0856, "threshold": 0.99}
{"epoch": 52, "train_loss": 0.20198, "val_loss": 0.1622303921508789, "recall": 0.0928, "threshold": 0.99}
{"epoch": 53, "train_loss": 0.20073, "val_loss": 0.16282157669067382, "recall": 0.0972, "threshold": 0.99}
{"epoch": 54, "train_loss": 0.1999, "val_loss": 0.16277702880859374, "recall": 0.0976, "threshold": 0.99}
{"epoch": 55, "train_loss": 0.20015, "val_loss": 0.16308138977050782, "recall": 0.0996, "threshold": 0.99}
{"epoch": 56, "train_loss": 0.19976, "val_loss": 0.16307166687011718, "recall": 0.1024, "threshold": 0.99}
{"epoch": 57, "train_loss": 0.19888, "val_loss": 0.1632270362854004, "recall": 0.102, "threshold": 0.99}
{"epoch": 58, "train_loss": 0.19844, "val_loss": 0.16285327575683595, "recall": 0.0996, "threshold": 0.99}
{"epoch": 59, "train_loss": 0.19919, "val_loss": 0.1633766323852539, "recall": 0.0996, "threshold": 0.99}
{"epoch": 60, "train_loss": 0.19909, "val_loss": 0.16318066543579102, "recall": 0.0996, "threshold": 0.99}
WARNING:root:Please consider to run pre-processing before quantization. Refer to example: https://github.com/microsoft/onnxruntime-inference-examples/blob/main/quantization/image_classification/cpu/ReadMe.md 
{
  "config": "scan-v2",
  "kind": "fullscan",
  "commit": "cd20373caf4caef2a10c9272fc4cea0efa5a7dc5",
  "dirty": false,
  "config_values": {
    "kind": "fullscan",
    "data_dir": "/tmp/vistructum/data/scan-v2",
    "out_dir": "/kaggle/working/runs/scan-v2-cd20373c",
    "widths": [
      32,
      64,
      96,
      128,
      160
    ],
    "depths": [
      1,
      2,
      2,
      2,
      1
    ],
    "dropout": 0.15,
    "epochs": 60,
    "batch": 128,
    "optimizer": "adamw",
    "lr": 0.001,
    "weight_decay": 0.0001,
    "warmup_epochs": 2,
    "label_smoothing": 0.05,
    "focal_gamma": 0.0,
    "ema_decay": 0.999,
    "pos_weight": 1.0,
    "augment_d4": true,
    "device": "cuda",
    "seed": 42,
    "num_threads": 4,
    "quantize": true,
    "tta": true,
    "scan_negatives": 2500,
    "scan_positives": 500,
    "scan_workers": 4,
    "gen_train": 240000,
    "gen_val": 12500,
    "gen_test": 12500,
    "gen_holdout": 12500,
    "findings_dir": "../data/findings/2b2t-ring1",
    "findings_repeat": 5
  },
  "data_manifest_sha256": "165d5ceed97d8d15c227986c77201e03cb8b1a2e6287f5ea7e53d2c6933337fe",
  "export": {
    "onnx_path": "/kaggle/working/runs/scan-v2-cd20373c/fullscan.onnx",
    "kind": "fullscan",
    "threshold": 0.96,
    "commit": "cd20373caf4caef2a10c9272fc4cea0efa5a7dc5",
    "quantize": {
      "applied": false,
      "disagreement": 0.00136
    }
  },
  "metrics": {
    "kind": "fullscan",
    "version": "bf-scan-2",
    "threshold": 0.96,
    "latency_seconds_per_window_b1": 0.0017991986999732034,
    "latency_seconds_per_window_b32": 0.0016436977500006833,
    "splits": {
      "val": {
        "metrics": {
          "threshold": 0.96,
          "precision": 0.9949856733524355,
          "recall": 0.5556,
          "fp_rate": 0.0007,
          "false_positives": 7,
          "flagged": 1396,
          "positives": 2500,
          "negatives": 10000
        },
        "verdict": "FAIL",
        "failures": [
          "recall 0.5556 < 0.6"
        ],
        "subtypes": {
          "by_shape": {
            "neg-farm": {
              "n": 172,
              "fp_rate": 0.0
            },
            "neg-fence": {
              "n": 168,
              "fp_rate": 0.0
            },
            "neg-hard-celtic-cross": {
              "n": 448,
              "fp_rate": 0.0
            },
            "neg-hard-fylfot-mirror": {
              "n": 428,
              "fp_rate": 0.0
            },
            "neg-hard-greek-cross": {
              "n": 449,
              "fp_rate": 0.0
            },
            "neg-hard-hash-grid": {
              "n": 443,
              "fp_rate": 0.0
            },
            "neg-hard-iron-cross": {
              "n": 435,
              "fp_rate": 0.0
            },
            "neg-hard-irregular-alt-hooks": {
              "n": 435,
              "fp_rate": 0.0
            },
            "neg-hard-irregular-partial-hooks": {
              "n": 848,
              "fp_rate": 0.00708
            },
            "neg-hard-l-shapes-d4": {
              "n": 468,
              "fp_rate": 0.0
            },
            "neg-hard-latin-cross": {
              "n": 450,
              "fp_rate": 0.0
            },
            "neg-hard-plus-alt-hooks": {
              "n": 445,
              "fp_rate": 0.00225
            },
            "neg-hard-plus-partial-hooks": {
              "n": 435,
              "fp_rate": 0.0
            },
            "neg-hard-spiral": {
              "n": 460,
              "fp_rate": 0.0
            },
            "neg-hard-square-spiral": {
              "n": 419,
              "fp_rate": 0.0
            },
            "neg-hard-t-shapes-d4": {
              "n": 410,
              "fp_rate": 0.0
            },
            "neg-hard-tetris": {
              "n": 426,
              "fp_rate": 0.0
            },
            "neg-house": {
              "n": 186,
              "fp_rate": 0.0
            },
            "neg-pixelart": {
              "n": 169,
              "fp_rate": 0.0
            },
            "neg-platform": {
              "n": 177,
              "fp_rate": 0.0
            },
            "neg-plaza": {
              "n": 192,
              "fp_rate": 0.0
            },
            "neg-pool": {
              "n": 184,
              "fp_rate": 0.0
            },
            "neg-railway": {
              "n": 160,
              "fp_rate": 0.0
            },
            "neg-road": {
              "n": 184,
              "fp_rate": 0.0
            },
            "neg-terrain": {
              "n": 1051,
              "fp_rate": 0.0
            },
            "neg-tower": {
              "n": 183,
              "fp_rate": 0.0
            },
            "neg-village": {
              "n": 175,
              "fp_rate": 0.0
            },
            "pos": {
              "n": 1230,
              "recall": 0.6911
            },
            "pos-irregular": {
              "n": 1270,
              "recall": 0.4244
            }
          },
          "by_mode": {
            "neg:carved": {
              "n": 513,
              "fp_rate": 0.0
            },
            "neg:flush-diff": {
              "n": 1218,
              "fp_rate": 0.00246
            },
            "neg:flush-same-lum": {
              "n": 481,
              "fp_rate": 0.00208
            },
            "neg:mixed": {
              "n": 499,
              "fp_rate": 0.0
            },
            "neg:outlined": {
              "n": 478,
              "fp_rate": 0.0
            },
            "neg:plain": {
              "n": 3001,
              "fp_rate": 0.0
            },
            "neg:raised": {
              "n": 2177,
              "fp_rate": 0.00138
            },
            "neg:raised-diff": {
              "n": 685,
              "fp_rate": 0.0
            },
            "neg:raised-same": {
              "n": 948,
              "fp_rate": 0.0
            },
            "pos:carved": {
              "n": 177,
              "recall": 0.5198
            },
            "pos:flush-diff": {
              "n": 403,
              "recall": 0.6799
            },
            "pos:flush-same-lum": {
              "n": 180,
              "recall": 0.5444
            },
            "pos:mixed": {
              "n": 145,
              "recall": 0.4069
            },
            "pos:outlined": {
              "n": 165,
              "recall": 0.6061
            },
            "pos:raised": {
              "n": 859,
              "recall": 0.6822
            },
            "pos:raised-diff": {
              "n": 230,
              "recall": 0.7826
            },
            "pos:raised-same": {
              "n": 341,
              "recall": 0.0
            }
          }
        }
      },
      "test": {
        "metrics": {
          "threshold": 0.96,
          "precision": 0.9964311206281228,
          "recall": 0.5584,
          "fp_rate": 0.0005,
          "false_positives": 5,
          "flagged": 1401,
          "positives": 2500,
          "negatives": 10000
        },
        "verdict": "FAIL",
        "failures": [
          "recall 0.5584 < 0.6"
        ],
        "subtypes": {
          "by_shape": {
            "neg-farm": {
              "n": 195,
              "fp_rate": 0.0
            },
            "neg-fence": {
              "n": 183,
              "fp_rate": 0.0
            },
            "neg-hard-celtic-cross": {
              "n": 420,
              "fp_rate": 0.0
            },
            "neg-hard-fylfot-mirror": {
              "n": 422,
              "fp_rate": 0.0
            },
            "neg-hard-greek-cross": {
              "n": 447,
              "fp_rate": 0.0
            },
            "neg-hard-hash-grid": {
              "n": 470,
              "fp_rate": 0.0
            },
            "neg-hard-iron-cross": {
              "n": 416,
              "fp_rate": 0.0
            },
            "neg-hard-irregular-alt-hooks": {
              "n": 440,
              "fp_rate": 0.0
            },
            "neg-hard-irregular-partial-hooks": {
              "n": 871,
              "fp_rate": 0.00344
            },
            "neg-hard-l-shapes-d4": {
              "n": 443,
              "fp_rate": 0.0
            },
            "neg-hard-latin-cross": {
              "n": 423,
              "fp_rate": 0.0
            },
            "neg-hard-plus-alt-hooks": {
              "n": 450,
              "fp_rate": 0.00444
            },
            "neg-hard-plus-partial-hooks": {
              "n": 412,
              "fp_rate": 0.0
            },
            "neg-hard-spiral": {
              "n": 432,
              "fp_rate": 0.0
            },
            "neg-hard-square-spiral": {
              "n": 443,
              "fp_rate": 0.0
            },
            "neg-hard-t-shapes-d4": {
              "n": 450,
              "fp_rate": 0.0
            },
            "neg-hard-tetris": {
              "n": 414,
              "fp_rate": 0.0
            },
            "neg-house": {
              "n": 194,
              "fp_rate": 0.0
            },
            "neg-pixelart": {
              "n": 175,
              "fp_rate": 0.0
            },
            "neg-platform": {
              "n": 199,
              "fp_rate": 0.0
            },
            "neg-plaza": {
              "n": 184,
              "fp_rate": 0.0
            },
            "neg-pool": {
              "n": 171,
              "fp_rate": 0.0
            },
            "neg-railway": {
              "n": 199,
              "fp_rate": 0.0
            },
            "neg-road": {
              "n": 192,
              "fp_rate": 0.0
            },
            "neg-terrain": {
              "n": 1011,
              "fp_rate": 0.0
            },
            "neg-tower": {
              "n": 166,
              "fp_rate": 0.0
            },
            "neg-village": {
              "n": 178,
              "fp_rate": 0.0
            },
            "pos": {
              "n": 1248,
              "recall": 0.6971
            },
            "pos-irregular": {
              "n": 1252,
              "recall": 0.4201
            }
          },
          "by_mode": {
            "neg:carved": {
              "n": 506,
              "fp_rate": 0.0
            },
            "neg:flush-diff": {
              "n": 1156,
              "fp_rate": 0.00173
            },
            "neg:flush-same-lum": {
              "n": 501,
              "fp_rate": 0.002
            },
            "neg:mixed": {
              "n": 454,
              "fp_rate": 0.0022
            },
            "neg:outlined": {
              "n": 460,
              "fp_rate": 0.0
            },
            "neg:plain": {
              "n": 3047,
              "fp_rate": 0.0
            },
            "neg:raised": {
              "n": 2200,
              "fp_rate": 0.00045
            },
            "neg:raised-diff": {
              "n": 703,
              "fp_rate": 0.0
            },
            "neg:raised-same": {
              "n": 973,
              "fp_rate": 0.0
            },
            "pos:carved": {
              "n": 191,
              "recall": 0.5445
            },
            "pos:flush-diff": {
              "n": 425,
              "recall": 0.6753
            },
            "pos:flush-same-lum": {
              "n": 187,
              "recall": 0.4973
            },
            "pos:mixed": {
              "n": 180,
              "recall": 0.4778
            },
            "pos:outlined": {
              "n": 144,
              "recall": 0.5139
            },
            "pos:raised": {
              "n": 825,
              "recall": 0.7164
            },
            "pos:raised-diff": {
              "n": 204,
              "recall": 0.7892
            },
            "pos:raised-same": {
              "n": 344,
              "recall": 0.0
            }
          }
        }
      },
      "holdout": {
        "metrics": {
          "threshold": 0.96,
          "precision": 0.9918032786885246,
          "recall": 0.5324,
          "fp_rate": 0.0011,
          "false_positives": 11,
          "flagged": 1342,
          "positives": 2500,
          "negatives": 10000
        },
        "verdict": "FAIL",
        "failures": [
          "fp_rate 0.00110 > 0.001",
          "recall 0.5324 < 0.6"
        ],
        "subtypes": {
          "by_shape": {
            "neg-farm": {
              "n": 172,
              "fp_rate": 0.0
            },
            "neg-fence": {
              "n": 202,
              "fp_rate": 0.0
            },
            "neg-hard-celtic-cross": {
              "n": 408,
              "fp_rate": 0.0
            },
            "neg-hard-fylfot-mirror": {
              "n": 420,
              "fp_rate": 0.0
            },
            "neg-hard-greek-cross": {
              "n": 431,
              "fp_rate": 0.0
            },
            "neg-hard-hash-grid": {
              "n": 430,
              "fp_rate": 0.0
            },
            "neg-hard-iron-cross": {
              "n": 374,
              "fp_rate": 0.0
            },
            "neg-hard-irregular-alt-hooks": {
              "n": 404,
              "fp_rate": 0.0
            },
            "neg-hard-irregular-partial-hooks": {
              "n": 868,
              "fp_rate": 0.00922
            },
            "neg-hard-l-shapes-d4": {
              "n": 399,
              "fp_rate": 0.0
            },
            "neg-hard-latin-cross": {
              "n": 388,
              "fp_rate": 0.0
            },
            "neg-hard-plus-alt-hooks": {
              "n": 430,
              "fp_rate": 0.00698
            },
            "neg-hard-plus-partial-hooks": {
              "n": 406,
              "fp_rate": 0.0
            },
            "neg-hard-spiral": {
              "n": 432,
              "fp_rate": 0.0
            },
            "neg-hard-square-spiral": {
              "n": 420,
              "fp_rate": 0.0
            },
            "neg-hard-t-shapes-d4": {
              "n": 421,
              "fp_rate": 0.0
            },
            "neg-hard-tetris": {
              "n": 397,
              "fp_rate": 0.0
            },
            "neg-hard-windmill-3": {
              "n": 394,
              "fp_rate": 0.0
            },
            "neg-house": {
              "n": 165,
              "fp_rate": 0.0
            },
            "neg-pixelart": {
              "n": 177,
              "fp_rate": 0.0
            },
            "neg-platform": {
              "n": 179,
              "fp_rate": 0.0
            },
            "neg-plaza": {
              "n": 179,
              "fp_rate": 0.0
            },
            "neg-pool": {
              "n": 183,
              "fp_rate": 0.0
            },
            "neg-railway": {
              "n": 185,
              "fp_rate": 0.0
            },
            "neg-road": {
              "n": 170,
              "fp_rate": 0.0
            },
            "neg-terrain": {
              "n": 986,
              "fp_rate": 0.0
            },
            "neg-tower": {
              "n": 188,
              "fp_rate": 0.0
            },
            "neg-village": {
              "n": 192,
              "fp_rate": 0.0
            },
            "pos": {
              "n": 1260,
              "recall": 0.6897
            },
            "pos-irregular": {
              "n": 1240,
              "recall": 0.3726
            }
          },
          "by_mode": {
            "neg:carved": {
              "n": 461,
              "fp_rate": 0.00217
            },
            "neg:flush-diff": {
              "n": 1121,
              "fp_rate": 0.00089
            },
            "neg:flush-same-lum": {
              "n": 465,
              "fp_rate": 0.0086
            },
            "neg:mixed": {
              "n": 453,
              "fp_rate": 0.0
            },
            "neg:outlined": {
              "n": 496,
              "fp_rate": 0.00403
            },
            "neg:plain": {
              "n": 2978,
              "fp_rate": 0.0
            },
            "neg:raised": {
              "n": 2299,
              "fp_rate": 0.0013
            },
            "neg:raised-diff": {
              "n": 747,
              "fp_rate": 0.0
            },
            "neg:raised-same": {
              "n": 980,
              "fp_rate": 0.0
            },
            "pos:carved": {
              "n": 200,
              "recall": 0.495
            },
            "pos:flush-diff": {
              "n": 430,
              "recall": 0.6488
            },
            "pos:flush-same-lum": {
              "n": 175,
              "recall": 0.4857
            },
            "pos:mixed": {
              "n": 175,
              "recall": 0.4514
            },
            "pos:outlined": {
              "n": 160,
              "recall": 0.5125
            },
            "pos:raised": {
              "n": 797,
              "recall": 0.6788
            },
            "pos:raised-diff": {
              "n": 225,
              "recall": 0.7378
            },
            "pos:raised-same": {
              "n": 338,
              "recall": 0.0
            }
          }
        }
      },
      "findings": {
        "metrics": {
          "threshold": 0.96,
          "precision": 1.0,
          "recall": 0.125,
          "fp_rate": 0.0,
          "false_positives": 0,
          "flagged": 1,
          "positives": 8,
          "negatives": 29
        },
        "verdict": "FAIL",
        "failures": [
          "negatives 29 < 5000",
          "recall 0.1250 < 0.6"
        ],
        "subtypes": {
          "by_shape": {
            "finding-fullscan-confirmed": {
              "n": 8,
              "recall": 0.125
            },
            "finding-fullscan-false-alarm": {
              "n": 29,
              "fp_rate": 0.0
            }
          },
          "by_mode": {
            "neg:plain": {
              "n": 37,
              "recall": 0.125
            }
          }
        }
      }
    },
    "model_bytes": 2559554
  },
  "scan": {},
  "scan_pending": true
}
