{"epoch": 1, "train_loss": 0.52872, "val_loss": 0.4999090625, "recall": 0.0, "threshold": 0.23}
/usr/local/lib/python3.12/dist-packages/torch/optim/lr_scheduler.py:240: UserWarning: The epoch parameter in `scheduler.step()` was not necessary and is being deprecated where possible. Please use `scheduler.step()` to step the scheduler. During the deprecation, if epoch is different from None, the closed form is used instead of the new chainable form, where available. Please open an issue if you are unable to replicate your use case: https://github.com/pytorch/pytorch/issues/new/choose.
  warnings.warn(EPOCH_DEPRECATION_WARNING, UserWarning)
{"epoch": 2, "train_loss": 0.3895, "val_loss": 0.37737385498046877, "recall": 0.2256, "threshold": 0.65}
{"epoch": 3, "train_loss": 0.33699, "val_loss": 0.24763067840576172, "recall": 0.5332, "threshold": 0.94}
{"epoch": 4, "train_loss": 0.30229, "val_loss": 0.21152347045898437, "recall": 0.6596, "threshold": 0.95}
{"epoch": 5, "train_loss": 0.28256, "val_loss": 0.18553441345214844, "recall": 0.6768, "threshold": 0.96}
{"epoch": 6, "train_loss": 0.25994, "val_loss": 0.1589473147583008, "recall": 0.6972, "threshold": 0.96}
{"epoch": 7, "train_loss": 0.24536, "val_loss": 0.1462236932373047, "recall": 0.6452, "threshold": 0.97}
{"epoch": 8, "train_loss": 0.23692, "val_loss": 0.14033143463134765, "recall": 0.6628, "threshold": 0.97}
{"epoch": 9, "train_loss": 0.2297, "val_loss": 0.13423551208496093, "recall": 0.6892, "threshold": 0.97}
{"epoch": 10, "train_loss": 0.22386, "val_loss": 0.12772541076660157, "recall": 0.6872, "threshold": 0.97}
{"epoch": 11, "train_loss": 0.21934, "val_loss": 0.12537069427490236, "recall": 0.692, "threshold": 0.97}
{"epoch": 12, "train_loss": 0.21568, "val_loss": 0.12286487457275391, "recall": 0.4184, "threshold": 0.98}
{"epoch": 13, "train_loss": 0.21192, "val_loss": 0.12092503692626953, "recall": 0.6924, "threshold": 0.97}
{"epoch": 14, "train_loss": 0.20929, "val_loss": 0.11912681198120117, "recall": 0.4028, "threshold": 0.98}
{"epoch": 15, "train_loss": 0.20614, "val_loss": 0.11758589218139648, "recall": 0.6988, "threshold": 0.97}
{"epoch": 16, "train_loss": 0.2039, "val_loss": 0.1167659683227539, "recall": 0.7072, "threshold": 0.97}
{"epoch": 17, "train_loss": 0.20118, "val_loss": 0.11511628982543945, "recall": 0.704, "threshold": 0.97}
{"epoch": 18, "train_loss": 0.20019, "val_loss": 0.11424082595825195, "recall": 0.7152, "threshold": 0.97}
{"epoch": 19, "train_loss": 0.19753, "val_loss": 0.11405098205566407, "recall": 0.7108, "threshold": 0.97}
{"epoch": 20, "train_loss": 0.19538, "val_loss": 0.11395470993041992, "recall": 0.72, "threshold": 0.97}
{"epoch": 21, "train_loss": 0.19353, "val_loss": 0.11380928344726562, "recall": 0.7196, "threshold": 0.97}
{"epoch": 22, "train_loss": 0.19208, "val_loss": 0.11148335586547851, "recall": 0.7204, "threshold": 0.97}
{"epoch": 23, "train_loss": 0.18984, "val_loss": 0.11052831237792969, "recall": 0.7124, "threshold": 0.97}
{"epoch": 24, "train_loss": 0.18821, "val_loss": 0.10943950256347657, "recall": 0.7036, "threshold": 0.97}
{"epoch": 25, "train_loss": 0.18668, "val_loss": 0.10972286880493164, "recall": 0.7004, "threshold": 0.97}
{"epoch": 26, "train_loss": 0.1846, "val_loss": 0.10935300247192382, "recall": 0.7044, "threshold": 0.97}
{"epoch": 27, "train_loss": 0.18357, "val_loss": 0.11081893951416015, "recall": 0.3264, "threshold": 0.98}
{"epoch": 28, "train_loss": 0.18163, "val_loss": 0.11103584045410156, "recall": 0.7128, "threshold": 0.97}
{"epoch": 29, "train_loss": 0.18081, "val_loss": 0.10890220077514648, "recall": 0.3332, "threshold": 0.98}
{"epoch": 30, "train_loss": 0.17913, "val_loss": 0.10866910614013672, "recall": 0.7084, "threshold": 0.97}
{"epoch": 31, "train_loss": 0.1783, "val_loss": 0.10893714630126954, "recall": 0.3372, "threshold": 0.98}
{"epoch": 32, "train_loss": 0.17652, "val_loss": 0.1101588623046875, "recall": 0.3236, "threshold": 0.98}
{"epoch": 33, "train_loss": 0.17468, "val_loss": 0.10975980895996093, "recall": 0.3424, "threshold": 0.98}
{"epoch": 34, "train_loss": 0.17264, "val_loss": 0.1091276545715332, "recall": 0.3312, "threshold": 0.98}
{"epoch": 35, "train_loss": 0.17229, "val_loss": 0.10871249603271485, "recall": 0.3272, "threshold": 0.98}
{"epoch": 36, "train_loss": 0.17087, "val_loss": 0.10915285247802735, "recall": 0.3332, "threshold": 0.98}
{"epoch": 37, "train_loss": 0.16966, "val_loss": 0.11027429000854493, "recall": 0.3256, "threshold": 0.98}
{"epoch": 38, "train_loss": 0.16824, "val_loss": 0.110496826171875, "recall": 0.3348, "threshold": 0.98}
{"epoch": 39, "train_loss": 0.16671, "val_loss": 0.10964361724853515, "recall": 0.3308, "threshold": 0.98}
{"epoch": 40, "train_loss": 0.16571, "val_loss": 0.10919430236816406, "recall": 0.3368, "threshold": 0.98}
{"epoch": 41, "train_loss": 0.16489, "val_loss": 0.10955057220458984, "recall": 0.338, "threshold": 0.98}
{"epoch": 42, "train_loss": 0.16345, "val_loss": 0.11002024291992188, "recall": 0.3384, "threshold": 0.98}
{"epoch": 43, "train_loss": 0.16192, "val_loss": 0.1090197378540039, "recall": 0.3392, "threshold": 0.98}
{"epoch": 44, "train_loss": 0.16095, "val_loss": 0.10869953369140625, "recall": 0.3424, "threshold": 0.98}
{"epoch": 45, "train_loss": 0.16023, "val_loss": 0.10903181396484375, "recall": 0.3416, "threshold": 0.98}
{"epoch": 46, "train_loss": 0.15919, "val_loss": 0.11000581939697265, "recall": 0.3468, "threshold": 0.98}
{"epoch": 47, "train_loss": 0.15779, "val_loss": 0.10931929122924805, "recall": 0.3404, "threshold": 0.98}
{"epoch": 48, "train_loss": 0.15703, "val_loss": 0.10993703948974609, "recall": 0.3508, "threshold": 0.98}
{"epoch": 49, "train_loss": 0.15612, "val_loss": 0.11017071334838867, "recall": 0.3484, "threshold": 0.98}
{"epoch": 50, "train_loss": 0.15556, "val_loss": 0.10993565185546875, "recall": 0.354, "threshold": 0.98}
{"epoch": 51, "train_loss": 0.15447, "val_loss": 0.11054560089111329, "recall": 0.362, "threshold": 0.98}
{"epoch": 52, "train_loss": 0.15455, "val_loss": 0.11094729446411133, "recall": 0.3596, "threshold": 0.98}
{"epoch": 53, "train_loss": 0.15384, "val_loss": 0.11081637252807618, "recall": 0.3584, "threshold": 0.98}
{"epoch": 54, "train_loss": 0.15367, "val_loss": 0.11165011352539063, "recall": 0.3652, "threshold": 0.98}
{"epoch": 55, "train_loss": 0.15307, "val_loss": 0.1118313410949707, "recall": 0.3656, "threshold": 0.98}
{"epoch": 56, "train_loss": 0.15275, "val_loss": 0.11150726501464844, "recall": 0.3704, "threshold": 0.98}
{"epoch": 57, "train_loss": 0.15267, "val_loss": 0.11169067749023437, "recall": 0.3624, "threshold": 0.98}
{"epoch": 58, "train_loss": 0.1519, "val_loss": 0.1118557975769043, "recall": 0.3624, "threshold": 0.98}
{"epoch": 59, "train_loss": 0.15223, "val_loss": 0.11159102554321289, "recall": 0.3656, "threshold": 0.98}
{"epoch": 60, "train_loss": 0.15206, "val_loss": 0.1113882583618164, "recall": 0.3688, "threshold": 0.98}
WARNING:root:Please consider to run pre-processing before quantization. Refer to example: https://github.com/microsoft/onnxruntime-inference-examples/blob/main/quantization/image_classification/cpu/ReadMe.md 
{
  "config": "scan-v4",
  "kind": "fullscan",
  "commit": "58926db179af12bdb9ffa5dc5a89e60a235007ab",
  "dirty": false,
  "config_values": {
    "kind": "fullscan",
    "data_dir": "/tmp/vistructum/data/scan-v4",
    "out_dir": "/kaggle/working/runs/scan-v4-58926db1",
    "widths": [
      32,
      64,
      96,
      128,
      160
    ],
    "depths": [
      1,
      2,
      2,
      2,
      1
    ],
    "dropout": 0.15,
    "epochs": 60,
    "batch": 128,
    "optimizer": "adamw",
    "lr": 0.001,
    "weight_decay": 0.0001,
    "warmup_epochs": 2,
    "label_smoothing": 0.05,
    "focal_gamma": 0.0,
    "ema_decay": 0.999,
    "pos_weight": 1.0,
    "augment_d4": true,
    "device": "cuda",
    "seed": 42,
    "num_threads": 4,
    "quantize": true,
    "tta": true,
    "scan_negatives": 2500,
    "scan_positives": 500,
    "scan_workers": 4,
    "gen_train": 240000,
    "gen_val": 12500,
    "gen_test": 12500,
    "gen_holdout": 12500,
    "findings_dir": "../data/findings/2b2t-ring1",
    "findings_repeat": 5
  },
  "data_manifest_sha256": "8543b51e1e3cf4c86d93b5a3b34bec200b47a3bbdf277241e6b049cd5652d568",
  "export": {
    "onnx_path": "/kaggle/working/runs/scan-v4-58926db1/fullscan.onnx",
    "kind": "fullscan",
    "threshold": 0.97,
    "commit": "58926db179af12bdb9ffa5dc5a89e60a235007ab",
    "quantize": {
      "applied": false,
      "disagreement": 0.00216
    }
  },
  "metrics": {
    "kind": "fullscan",
    "version": "bf-scan-2",
    "threshold": 0.97,
    "latency_seconds_per_window_b1": 0.0019067865999204514,
    "latency_seconds_per_window_b32": 0.001571411253127053,
    "splits": {
      "val": {
        "metrics": {
          "threshold": 0.97,
          "precision": 0.9978106185002736,
          "recall": 0.7292,
          "fp_rate": 0.0004,
          "false_positives": 4,
          "flagged": 1827,
          "positives": 2500,
          "negatives": 10000
        },
        "verdict": "PASS",
        "failures": [],
        "subtypes": {
          "by_shape": {
            "neg-farm": {
              "n": 187,
              "fp_rate": 0.0
            },
            "neg-fence": {
              "n": 206,
              "fp_rate": 0.0
            },
            "neg-hard-celtic-cross": {
              "n": 421,
              "fp_rate": 0.0
            },
            "neg-hard-fylfot-mirror": {
              "n": 436,
              "fp_rate": 0.0
            },
            "neg-hard-greek-cross": {
              "n": 451,
              "fp_rate": 0.0
            },
            "neg-hard-hash-grid": {
              "n": 481,
              "fp_rate": 0.0
            },
            "neg-hard-iron-cross": {
              "n": 477,
              "fp_rate": 0.0
            },
            "neg-hard-irregular-alt-hooks": {
              "n": 484,
              "fp_rate": 0.0
            },
            "neg-hard-irregular-partial-hooks": {
              "n": 471,
              "fp_rate": 0.00849
            },
            "neg-hard-l-shapes-d4": {
              "n": 459,
              "fp_rate": 0.0
            },
            "neg-hard-latin-cross": {
              "n": 485,
              "fp_rate": 0.0
            },
            "neg-hard-plus-alt-hooks": {
              "n": 443,
              "fp_rate": 0.0
            },
            "neg-hard-plus-partial-hooks": {
              "n": 495,
              "fp_rate": 0.0
            },
            "neg-hard-spiral": {
              "n": 462,
              "fp_rate": 0.0
            },
            "neg-hard-square-spiral": {
              "n": 470,
              "fp_rate": 0.0
            },
            "neg-hard-t-shapes-d4": {
              "n": 483,
              "fp_rate": 0.0
            },
            "neg-hard-tetris": {
              "n": 467,
              "fp_rate": 0.0
            },
            "neg-house": {
              "n": 165,
              "fp_rate": 0.0
            },
            "neg-pixelart": {
              "n": 149,
              "fp_rate": 0.0
            },
            "neg-platform": {
              "n": 186,
              "fp_rate": 0.0
            },
            "neg-plaza": {
              "n": 155,
              "fp_rate": 0.0
            },
            "neg-pool": {
              "n": 184,
              "fp_rate": 0.0
            },
            "neg-railway": {
              "n": 183,
              "fp_rate": 0.0
            },
            "neg-road": {
              "n": 194,
              "fp_rate": 0.0
            },
            "neg-terrain": {
              "n": 1050,
              "fp_rate": 0.0
            },
            "neg-tower": {
              "n": 184,
              "fp_rate": 0.0
            },
            "neg-village": {
              "n": 172,
              "fp_rate": 0.0
            },
            "pos": {
              "n": 2116,
              "recall": 0.8043
            },
            "pos-irregular": {
              "n": 384,
              "recall": 0.3151
            }
          },
          "by_mode": {
            "neg:carved": {
              "n": 445,
              "fp_rate": 0.0
            },
            "neg:flush-diff": {
              "n": 1430,
              "fp_rate": 0.0014
            },
            "neg:flush-same-lum": {
              "n": 440,
              "fp_rate": 0.0
            },
            "neg:flush-water": {
              "n": 772,
              "fp_rate": 0.00259
            },
            "neg:mixed": {
              "n": 465,
              "fp_rate": 0.0
            },
            "neg:outlined": {
              "n": 457,
              "fp_rate": 0.0
            },
            "neg:plain": {
              "n": 3015,
              "fp_rate": 0.0
            },
            "neg:raised": {
              "n": 1972,
              "fp_rate": 0.0
            },
            "neg:raised-diff": {
              "n": 567,
              "fp_rate": 0.0
            },
            "neg:raised-same": {
              "n": 437,
              "fp_rate": 0.0
            },
            "pos:carved": {
              "n": 177,
              "recall": 0.7401
            },
            "pos:flush-diff": {
              "n": 520,
              "recall": 0.7712
            },
            "pos:flush-same-lum": {
              "n": 152,
              "recall": 0.6645
            },
            "pos:flush-water": {
              "n": 261,
              "recall": 0.6782
            },
            "pos:mixed": {
              "n": 164,
              "recall": 0.5427
            },
            "pos:outlined": {
              "n": 165,
              "recall": 0.6606
            },
            "pos:raised": {
              "n": 714,
              "recall": 0.8333
            },
            "pos:raised-diff": {
              "n": 186,
              "recall": 0.8656
            },
            "pos:raised-same": {
              "n": 161,
              "recall": 0.3665
            }
          }
        }
      },
      "test": {
        "metrics": {
          "threshold": 0.97,
          "precision": 0.9978494623655914,
          "recall": 0.7424,
          "fp_rate": 0.0004,
          "false_positives": 4,
          "flagged": 1860,
          "positives": 2500,
          "negatives": 10000
        },
        "verdict": "PASS",
        "failures": [],
        "subtypes": {
          "by_shape": {
            "neg-farm": {
              "n": 193,
              "fp_rate": 0.0
            },
            "neg-fence": {
              "n": 197,
              "fp_rate": 0.0
            },
            "neg-hard-celtic-cross": {
              "n": 470,
              "fp_rate": 0.0
            },
            "neg-hard-fylfot-mirror": {
              "n": 460,
              "fp_rate": 0.0
            },
            "neg-hard-greek-cross": {
              "n": 458,
              "fp_rate": 0.0
            },
            "neg-hard-hash-grid": {
              "n": 472,
              "fp_rate": 0.0
            },
            "neg-hard-iron-cross": {
              "n": 448,
              "fp_rate": 0.0
            },
            "neg-hard-irregular-alt-hooks": {
              "n": 497,
              "fp_rate": 0.0
            },
            "neg-hard-irregular-partial-hooks": {
              "n": 464,
              "fp_rate": 0.00862
            },
            "neg-hard-l-shapes-d4": {
              "n": 494,
              "fp_rate": 0.0
            },
            "neg-hard-latin-cross": {
              "n": 445,
              "fp_rate": 0.0
            },
            "neg-hard-plus-alt-hooks": {
              "n": 454,
              "fp_rate": 0.0
            },
            "neg-hard-plus-partial-hooks": {
              "n": 459,
              "fp_rate": 0.0
            },
            "neg-hard-spiral": {
              "n": 464,
              "fp_rate": 0.0
            },
            "neg-hard-square-spiral": {
              "n": 463,
              "fp_rate": 0.0
            },
            "neg-hard-t-shapes-d4": {
              "n": 442,
              "fp_rate": 0.0
            },
            "neg-hard-tetris": {
              "n": 439,
              "fp_rate": 0.0
            },
            "neg-house": {
              "n": 209,
              "fp_rate": 0.0
            },
            "neg-pixelart": {
              "n": 177,
              "fp_rate": 0.0
            },
            "neg-platform": {
              "n": 203,
              "fp_rate": 0.0
            },
            "neg-plaza": {
              "n": 194,
              "fp_rate": 0.0
            },
            "neg-pool": {
              "n": 171,
              "fp_rate": 0.0
            },
            "neg-railway": {
              "n": 166,
              "fp_rate": 0.0
            },
            "neg-road": {
              "n": 181,
              "fp_rate": 0.0
            },
            "neg-terrain": {
              "n": 1032,
              "fp_rate": 0.0
            },
            "neg-tower": {
              "n": 182,
              "fp_rate": 0.0
            },
            "neg-village": {
              "n": 166,
              "fp_rate": 0.0
            },
            "pos": {
              "n": 2156,
              "recall": 0.8047
            },
            "pos-irregular": {
              "n": 344,
              "recall": 0.3517
            }
          },
          "by_mode": {
            "neg:carved": {
              "n": 468,
              "fp_rate": 0.0
            },
            "neg:flush-diff": {
              "n": 1482,
              "fp_rate": 0.00067
            },
            "neg:flush-same-lum": {
              "n": 429,
              "fp_rate": 0.00233
            },
            "neg:flush-water": {
              "n": 734,
              "fp_rate": 0.00136
            },
            "neg:mixed": {
              "n": 430,
              "fp_rate": 0.0
            },
            "neg:outlined": {
              "n": 403,
              "fp_rate": 0.0
            },
            "neg:plain": {
              "n": 3071,
              "fp_rate": 0.0
            },
            "neg:raised": {
              "n": 1953,
              "fp_rate": 0.00051
            },
            "neg:raised-diff": {
              "n": 569,
              "fp_rate": 0.0
            },
            "neg:raised-same": {
              "n": 461,
              "fp_rate": 0.0
            },
            "pos:carved": {
              "n": 156,
              "recall": 0.7051
            },
            "pos:flush-diff": {
              "n": 534,
              "recall": 0.7865
            },
            "pos:flush-same-lum": {
              "n": 155,
              "recall": 0.7097
            },
            "pos:flush-water": {
              "n": 273,
              "recall": 0.7033
            },
            "pos:mixed": {
              "n": 155,
              "recall": 0.5871
            },
            "pos:outlined": {
              "n": 180,
              "recall": 0.6389
            },
            "pos:raised": {
              "n": 673,
              "recall": 0.8395
            },
            "pos:raised-diff": {
              "n": 222,
              "recall": 0.8964
            },
            "pos:raised-same": {
              "n": 152,
              "recall": 0.3553
            }
          }
        }
      },
      "holdout": {
        "metrics": {
          "threshold": 0.97,
          "precision": 0.999388379204893,
          "recall": 0.6536,
          "fp_rate": 0.0001,
          "false_positives": 1,
          "flagged": 1635,
          "positives": 2500,
          "negatives": 10000
        },
        "verdict": "PASS",
        "failures": [],
        "subtypes": {
          "by_shape": {
            "neg-farm": {
              "n": 169,
              "fp_rate": 0.0
            },
            "neg-fence": {
              "n": 200,
              "fp_rate": 0.0
            },
            "neg-hard-celtic-cross": {
              "n": 446,
              "fp_rate": 0.0
            },
            "neg-hard-fylfot-mirror": {
              "n": 452,
              "fp_rate": 0.0
            },
            "neg-hard-greek-cross": {
              "n": 451,
              "fp_rate": 0.0
            },
            "neg-hard-hash-grid": {
              "n": 427,
              "fp_rate": 0.0
            },
            "neg-hard-iron-cross": {
              "n": 456,
              "fp_rate": 0.0
            },
            "neg-hard-irregular-alt-hooks": {
              "n": 484,
              "fp_rate": 0.0
            },
            "neg-hard-irregular-partial-hooks": {
              "n": 410,
              "fp_rate": 0.00244
            },
            "neg-hard-l-shapes-d4": {
              "n": 434,
              "fp_rate": 0.0
            },
            "neg-hard-latin-cross": {
              "n": 463,
              "fp_rate": 0.0
            },
            "neg-hard-plus-alt-hooks": {
              "n": 415,
              "fp_rate": 0.0
            },
            "neg-hard-plus-partial-hooks": {
              "n": 421,
              "fp_rate": 0.0
            },
            "neg-hard-spiral": {
              "n": 428,
              "fp_rate": 0.0
            },
            "neg-hard-square-spiral": {
              "n": 408,
              "fp_rate": 0.0
            },
            "neg-hard-t-shapes-d4": {
              "n": 464,
              "fp_rate": 0.0
            },
            "neg-hard-tetris": {
              "n": 407,
              "fp_rate": 0.0
            },
            "neg-hard-windmill-3": {
              "n": 458,
              "fp_rate": 0.0
            },
            "neg-house": {
              "n": 170,
              "fp_rate": 0.0
            },
            "neg-pixelart": {
              "n": 156,
              "fp_rate": 0.0
            },
            "neg-platform": {
              "n": 183,
              "fp_rate": 0.0
            },
            "neg-plaza": {
              "n": 181,
              "fp_rate": 0.0
            },
            "neg-pool": {
              "n": 185,
              "fp_rate": 0.0
            },
            "neg-railway": {
              "n": 183,
              "fp_rate": 0.0
            },
            "neg-road": {
              "n": 180,
              "fp_rate": 0.0
            },
            "neg-terrain": {
              "n": 1017,
              "fp_rate": 0.0
            },
            "neg-tower": {
              "n": 177,
              "fp_rate": 0.0
            },
            "neg-village": {
              "n": 175,
              "fp_rate": 0.0
            },
            "pos": {
              "n": 2151,
              "recall": 0.7094
            },
            "pos-irregular": {
              "n": 349,
              "recall": 0.3095
            }
          },
          "by_mode": {
            "neg:carved": {
              "n": 430,
              "fp_rate": 0.0
            },
            "neg:flush-diff": {
              "n": 1505,
              "fp_rate": 0.0
            },
            "neg:flush-same-lum": {
              "n": 455,
              "fp_rate": 0.0
            },
            "neg:flush-water": {
              "n": 693,
              "fp_rate": 0.0
            },
            "neg:mixed": {
              "n": 479,
              "fp_rate": 0.0
            },
            "neg:outlined": {
              "n": 425,
              "fp_rate": 0.0
            },
            "neg:plain": {
              "n": 2976,
              "fp_rate": 0.0
            },
            "neg:raised": {
              "n": 2029,
              "fp_rate": 0.00049
            },
            "neg:raised-diff": {
              "n": 562,
              "fp_rate": 0.0
            },
            "neg:raised-same": {
              "n": 446,
              "fp_rate": 0.0
            },
            "pos:carved": {
              "n": 133,
              "recall": 0.5113
            },
            "pos:flush-diff": {
              "n": 519,
              "recall": 0.7225
            },
            "pos:flush-same-lum": {
              "n": 149,
              "recall": 0.5705
            },
            "pos:flush-water": {
              "n": 255,
              "recall": 0.6706
            },
            "pos:mixed": {
              "n": 189,
              "recall": 0.4021
            },
            "pos:outlined": {
              "n": 158,
              "recall": 0.6203
            },
            "pos:raised": {
              "n": 706,
              "recall": 0.7649
            },
            "pos:raised-diff": {
              "n": 215,
              "recall": 0.8372
            },
            "pos:raised-same": {
              "n": 176,
              "recall": 0.233
            }
          }
        }
      },
      "findings": {
        "metrics": {
          "threshold": 0.97,
          "precision": 1.0,
          "recall": 0.5,
          "fp_rate": 0.0,
          "false_positives": 0,
          "flagged": 4,
          "positives": 8,
          "negatives": 29
        },
        "verdict": "FAIL",
        "failures": [
          "negatives 29 < 5000",
          "recall 0.5000 < 0.6"
        ],
        "subtypes": {
          "by_shape": {
            "finding-fullscan-confirmed": {
              "n": 8,
              "recall": 0.5
            },
            "finding-fullscan-false-alarm": {
              "n": 29,
              "fp_rate": 0.0
            }
          },
          "by_mode": {
            "neg:plain": {
              "n": 37,
              "recall": 0.5
            }
          }
        }
      }
    },
    "model_bytes": 2559555
  },
  "scan": {},
  "scan_pending": true
}
